Archive member included because of file (symbol)

C:\Users\Saturnino\Documents\LPCXpresso_6.1.4_194\workspace\CMSISv1p30_LPC17xx\Debug\libCMSISv1p30_LPC17xx.a(system_LPC17xx.o)
                              ./cr_startup_lpc17.o (SystemInit)
C:\Users\Saturnino\Documents\LPCXpresso_6.1.4_194\workspace\FreeRTOS_Library\Debug\libFreeRTOS_Library.a(port.o)
                              ./cr_startup_lpc17.o (vPortSVCHandler)
C:\Users\Saturnino\Documents\LPCXpresso_6.1.4_194\workspace\FreeRTOS_Library\Debug\libFreeRTOS_Library.a(queue.o)
                              ./main.o (xQueueCreate)
C:\Users\Saturnino\Documents\LPCXpresso_6.1.4_194\workspace\FreeRTOS_Library\Debug\libFreeRTOS_Library.a(tasks.o)
                              ./main.o (xTaskGenericCreate)
C:\Users\Saturnino\Documents\LPCXpresso_6.1.4_194\workspace\FreeRTOS_Library\Debug\libFreeRTOS_Library.a(heap_2.o)
                              C:\Users\Saturnino\Documents\LPCXpresso_6.1.4_194\workspace\FreeRTOS_Library\Debug\libFreeRTOS_Library.a(queue.o) (pvPortMalloc)
C:\Users\Saturnino\Documents\LPCXpresso_6.1.4_194\workspace\FreeRTOS_Library\Debug\libFreeRTOS_Library.a(list.o)
                              C:\Users\Saturnino\Documents\LPCXpresso_6.1.4_194\workspace\FreeRTOS_Library\Debug\libFreeRTOS_Library.a(queue.o) (vListInitialise)
C:\Users\Saturnino\Documents\LPCXpresso_6.1.4_194\workspace\Lib_EaBaseBoard\Debug\libLib_EaBaseBoard.a(light.o)
                              ./Sensor.o (light_init)
C:\Users\Saturnino\Documents\LPCXpresso_6.1.4_194\workspace\Lib_EaBaseBoard\Debug\libLib_EaBaseBoard.a(oled.o)
                              ./main.o (oled_init)
C:\Users\Saturnino\Documents\LPCXpresso_6.1.4_194\workspace\Lib_EaBaseBoard\Debug\libLib_EaBaseBoard.a(font5x7.o)
                              C:\Users\Saturnino\Documents\LPCXpresso_6.1.4_194\workspace\Lib_EaBaseBoard\Debug\libLib_EaBaseBoard.a(oled.o) (font5x7)
C:\Users\Saturnino\Documents\LPCXpresso_6.1.4_194\workspace\Lib_MCU\Debug\libLib_MCU.a(lpc17xx_gpio.o)
                              C:\Users\Saturnino\Documents\LPCXpresso_6.1.4_194\workspace\Lib_EaBaseBoard\Debug\libLib_EaBaseBoard.a(oled.o) (GPIO_SetDir)
C:\Users\Saturnino\Documents\LPCXpresso_6.1.4_194\workspace\Lib_MCU\Debug\libLib_MCU.a(lpc17xx_i2c.o)
                              ./Sensor.o (I2C_Init)
C:\Users\Saturnino\Documents\LPCXpresso_6.1.4_194\workspace\Lib_MCU\Debug\libLib_MCU.a(lpc17xx_libcfg_default.o)
                              C:\Users\Saturnino\Documents\LPCXpresso_6.1.4_194\workspace\Lib_MCU\Debug\libLib_MCU.a(lpc17xx_i2c.o) (check_failed)
C:\Users\Saturnino\Documents\LPCXpresso_6.1.4_194\workspace\Lib_MCU\Debug\libLib_MCU.a(lpc17xx_pinsel.o)
                              ./Sensor.o (PINSEL_ConfigPin)
C:\Users\Saturnino\Documents\LPCXpresso_6.1.4_194\workspace\Lib_MCU\Debug\libLib_MCU.a(lpc17xx_ssp.o)
                              ./main.o (SSP_Init)
C:\Users\Saturnino\Documents\LPCXpresso_6.1.4_194\workspace\Lib_MCU\Debug\libLib_MCU.a(lpc17xx_clkpwr.o)
                              C:\Users\Saturnino\Documents\LPCXpresso_6.1.4_194\workspace\Lib_MCU\Debug\libLib_MCU.a(lpc17xx_i2c.o) (CLKPWR_SetPCLKDiv)
c:/nxp/lpcxpresso_6.1.4_194/lpcxpresso/tools/bin/../lib/gcc/arm-none-eabi/4.6.2/../../../../arm-none-eabi/lib/armv7-m\libcr_semihost.a(_cr__main.o)
                              ./cr_startup_lpc17.o (__main)
c:/nxp/lpcxpresso_6.1.4_194/lpcxpresso/tools/bin/../lib/gcc/arm-none-eabi/4.6.2/../../../../arm-none-eabi/lib/armv7-m\libcr_c.a(memcpy.o)
                              C:\Users\Saturnino\Documents\LPCXpresso_6.1.4_194\workspace\FreeRTOS_Library\Debug\libFreeRTOS_Library.a(queue.o) (memcpy)
c:/nxp/lpcxpresso_6.1.4_194/lpcxpresso/tools/bin/../lib/gcc/arm-none-eabi/4.6.2/../../../../arm-none-eabi/lib/armv7-m\libcr_c.a(memset.o)
                              C:\Users\Saturnino\Documents\LPCXpresso_6.1.4_194\workspace\FreeRTOS_Library\Debug\libFreeRTOS_Library.a(tasks.o) (memset)
c:/nxp/lpcxpresso_6.1.4_194/lpcxpresso/tools/bin/../lib/gcc/arm-none-eabi/4.6.2/../../../../arm-none-eabi/lib/armv7-m\libcr_c.a(fpprintf.o)
                              ./main.o (printf)
c:/nxp/lpcxpresso_6.1.4_194/lpcxpresso/tools/bin/../lib/gcc/arm-none-eabi/4.6.2/../../../../arm-none-eabi/lib/armv7-m\libcr_c.a(initio.o)
                              c:/nxp/lpcxpresso_6.1.4_194/lpcxpresso/tools/bin/../lib/gcc/arm-none-eabi/4.6.2/../../../../arm-none-eabi/lib/armv7-m\libcr_semihost.a(_cr__main.o) (_initio)
c:/nxp/lpcxpresso_6.1.4_194/lpcxpresso/tools/bin/../lib/gcc/arm-none-eabi/4.6.2/../../../../arm-none-eabi/lib/armv7-m\libcr_c.a(memcmp.o)
                              C:\Users\Saturnino\Documents\LPCXpresso_6.1.4_194\workspace\FreeRTOS_Library\Debug\libFreeRTOS_Library.a(tasks.o) (memcmp)
c:/nxp/lpcxpresso_6.1.4_194/lpcxpresso/tools/bin/../lib/gcc/arm-none-eabi/4.6.2/../../../../arm-none-eabi/lib/armv7-m\libcr_c.a(printf.o)
[...]
Memory Configuration

Name             Origin             Length             Attributes
MFlash512        0x00000000         0x00080000         xr
RamLoc32         0x10000000         0x00008000         xrw
RamAHB32         0x2007c000         0x00008000         xrw
*default*        0x00000000         0xffffffff

Linker script and memory map

LOAD ./Sensor.o
LOAD ./cr_startup_lpc17.o
LOAD ./main.o
LOAD C:\Users\Saturnino\Documents\LPCXpresso_6.1.4_194\workspace\CMSISv1p30_LPC17xx\Debug\libCMSISv1p30_LPC17xx.a
LOAD C:\Users\Saturnino\Documents\LPCXpresso_6.1.4_194\workspace\FreeRTOS_Library\Debug\libFreeRTOS_Library.a
LOAD C:\Users\Saturnino\Documents\LPCXpresso_6.1.4_194\workspace\Lib_EaBaseBoard\Debug\libLib_EaBaseBoard.a
LOAD C:\Users\Saturnino\Documents\LPCXpresso_6.1.4_194\workspace\Lib_MCU\Debug\libLib_MCU.a
START GROUP
LOAD c:/nxp/lpcxpresso_6.1.4_194/lpcxpresso/tools/bin/../lib/gcc/arm-none-eabi/4.6.2/../../../../arm-none-eabi/lib/armv7-m\libcr_semihost.a
LOAD c:/nxp/lpcxpresso_6.1.4_194/lpcxpresso/tools/bin/../lib/gcc/arm-none-eabi/4.6.2/../../../../arm-none-eabi/lib/armv7-m\libcr_c.a
LOAD c:/nxp/lpcxpresso_6.1.4_194/lpcxpresso/tools/bin/../lib/gcc/arm-none-eabi/4.6.2/armv7-m\libcr_eabihelpers.a
END GROUP
                0x00080000                __top_MFlash512 = 0x80000
                0x10008000                __top_RamLoc32 = 0x10008000
                0x20084000                __top_RamAHB32 = 0x20084000

.text           0x00000000     0x7170
 FILL mask 0xff
                0x00000000                __vectors_start__ = ABSOLUTE (.)
 *(.isr_vector)
 .isr_vector    0x00000000       0xcc ./cr_startup_lpc17.o
                0x00000000                g_pfnVectors
                0x000000cc                . = ALIGN (0x4)
                0x000000cc                __section_table_start = .
                0x000000cc                __data_section_table = .
                0x000000cc        0x4 LONG 0x7170 LOADADDR (.data)
                0x000000d0        0x4 LONG 0x10000000 ADDR (.data)
                0x000000d4        0x4 LONG 0x18 SIZEOF (.data)
                0x000000d8        0x4 LONG 0x7170 LOADADDR (.data_RAM2)
                0x000000dc        0x4 LONG 0x2007c000 ADDR (.data_RAM2)
                0x000000e0        0x4 LONG 0x0 SIZEOF (.data_RAM2)
                0x000000e4                __data_section_table_end = .
                0x000000e4                __bss_section_table = .
                0x000000e4        0x4 LONG 0x10000018 ADDR (.bss)
                0x000000e8        0x4 LONG 0x2dbc SIZEOF (.bss)
                0x000000ec        0x4 LONG 0x2007c000 ADDR (.bss_RAM2)
                0x000000f0        0x4 LONG 0x0 SIZEOF (.bss_RAM2)
                0x000000f4                __bss_section_table_end = .
                0x000000f4                __section_table_end = .
 *(.after_vectors*)
 *(.text*)
 .text.NVIC_EnableIRQ
                0x000000f4       0x38 ./Sensor.o
 .text.NVIC_DisableIRQ
                0x0000012c       0x3c ./Sensor.o
 .text.Sensor_new
                0x00000168       0x14 ./Sensor.o
                0x00000168                Sensor_new
 .text.Sensor_read
                0x0000017c       0x28 ./Sensor.o
                0x0000017c                Sensor_read
 .text.I2C2_IRQHandler
                0x000001a4       0x2c ./Sensor.o
                0x000001a4                I2C2_IRQHandler
 .text.Sensor_initI2C
                0x000001d0       0x70 ./Sensor.o
 .text.ResetISR
                0x00000240       0x68 ./cr_startup_lpc17.o
                0x00000240                ResetISR
 .text.NMI_Handler
                0x000002a8        0x8 ./cr_startup_lpc17.o
                0x000002a8                NMI_Handler
 .text.HardFault_Handler
                0x000002b0        0x8 ./cr_startup_lpc17.o
                0x000002b0                HardFault_Handler
 .text.MemManage_Handler
                0x000002b8        0x8 ./cr_startup_lpc17.o
                0x000002b8                MemManage_Handler
 .text.BusFault_Handler
                0x000002c0        0x8 ./cr_startup_lpc17.o
                0x000002c0                BusFault_Handler
 .text.UsageFault_Handler
                0x000002c8        0x8 ./cr_startup_lpc17.o
                0x000002c8                UsageFault_Handler
 .text.DebugMon_Handler
                0x000002d0        0x8 ./cr_startup_lpc17.o
                0x000002d0                DebugMon_Handler
 .text.IntDefaultHandler
                0x000002d8        0x8 ./cr_startup_lpc17.o
                0x000002d8                TIMER2_IRQHandler
                0x000002d8                RIT_IRQHandler
                0x000002d8                I2C0_IRQHandler
                0x000002d8                USBActivity_IRQHandler
                0x000002d8                PWM1_IRQHandler
                0x000002d8                I2C1_IRQHandler
                0x000002d8                EINT2_IRQHandler
                0x000002d8                UART1_IRQHandler
                0x000002d8                EINT3_IRQHandler
                0x000002d8                CANActivity_IRQHandler
                0x000002d8                TIMER3_IRQHandler
                0x000002d8                UART0_IRQHandler
                0x000002d8                IntDefaultHandler
                0x000002d8                PLL0_IRQHandler
                0x000002d8                CAN_IRQHandler
                0x000002d8                PLL1_IRQHandler
                0x000002d8                SSP0_IRQHandler
                0x000002d8                I2S_IRQHandler
                0x000002d8                RTC_IRQHandler
                0x000002d8                TIMER0_IRQHandler
                0x000002d8                SPI_IRQHandler
                0x000002d8                EINT1_IRQHandler
                0x000002d8                TIMER1_IRQHandler
                0x000002d8                UART2_IRQHandler
                0x000002d8                ADC_IRQHandler
                0x000002d8                SSP1_IRQHandler
                0x000002d8                USB_IRQHandler
                0x000002d8                BOD_IRQHandler
                0x000002d8                WDT_IRQHandler
                0x000002d8                QEI_IRQHandler
                0x000002d8                EINT0_IRQHandler
                0x000002d8                DMA_IRQHandler
                0x000002d8                UART3_IRQHandler
                0x000002d8                MCPWM_IRQHandler
                0x000002d8                ENET_IRQHandler
 .text.intToString
                0x000002e0       0xdc ./main.o
 .text.initSSP  0x000003bc       0x98 ./main.o
 .text.task_reader
                0x00000454       0x70 ./main.o
                0x00000454                task_reader
 .text.task_printer
                0x000004c4       0xd4 ./main.o
                0x000004c4                task_printer
 .text.main     0x00000598       0x8c ./main.o
                0x00000598                main
 .text.vApplicationMallocFailedHook
                0x00000624        0x8 ./main.o
                0x00000624                vApplicationMallocFailedHook
 .text.vApplicationStackOverflowHook
                0x0000062c        0xc ./main.o
                0x0000062c                vApplicationStackOverflowHook
 .text.vApplicationIdleHook
                0x00000638        0xc ./main.o
                0x00000638                vApplicationIdleHook
 .text.vApplicationTickHook
                0x00000644        0xc ./main.o
                0x00000644                vApplicationTickHook
 .text.SystemInit
                0x00000650      0x22c C:\Users\Saturnino\Documents\LPCXpresso_6.1.4_194\workspace\CMSISv1p30_LPC17xx\Debug\libCMSISv1p30_LPC17xx.a(system_LPC17xx.o)
                0x00000650                SystemInit
 .text          0x0000087c      0x154 C:\Users\Saturnino\Documents\LPCXpresso_6.1.4_194\workspace\FreeRTOS_Library\Debug\libFreeRTOS_Library.a(port.o)
                0x0000087c                pxPortInitialiseStack
                0x0000089c                vPortSVCHandler
                0x000008bc                vPortStartFirstTask
                0x000008cc                xPortStartScheduler
                0x0000091c                vPortEndScheduler
                0x00000920                vPortYieldFromISR
                0x00000930                vPortEnterCritical
                0x0000094c                vPortExitCritical
                0x00000968                xPortPendSVHandler
                0x000009a4                xPortSysTickHandler
 .text          0x000009d0      0x4e4 C:\Users\Saturnino\Documents\LPCXpresso_6.1.4_194\workspace\FreeRTOS_Library\Debug\libFreeRTOS_Library.a(queue.o)
                0x00000ad8                xQueueCreate
                0x00000b44                xQueueCreateCountingSemaphore
                0x00000b58                xQueueGenericSend
                0x00000c3c                xQueueCreateMutex
                0x00000c88                xQueueGenericSendFromISR
                0x00000cec                xQueueGenericReceive
                0x00000e04                xQueueReceiveFromISR
                0x00000e6c                uxQueueMessagesWaiting
                0x00000e80                uxQueueMessagesWaitingFromISR
                0x00000e84                vQueueDelete
                0x00000e98                xQueueIsQueueEmptyFromISR
                0x00000ea4                xQueueIsQueueFullFromISR
 .text          0x00000eb4      0xca4 C:\Users\Saturnino\Documents\LPCXpresso_6.1.4_194\workspace\FreeRTOS_Library\Debug\libFreeRTOS_Library.a(tasks.o)
                0x00000eb4                xTaskGenericCreate
                0x000010b4                vTaskDelete
                0x00001134                uxTaskPriorityGet
                0x00001154                vTaskPrioritySet
                0x00001208                xTaskIsTaskSuspended
                0x00001234                vTaskResume
                0x000012b0                xTaskResumeFromISR
                0x0000132c                vTaskStartScheduler
                0x00001380                vTaskEndScheduler
                0x000013a0                vTaskSuspendAll
                0x000013b8                xTaskGetTickCount
                0x000013d4                xTaskGetTickCountFromISR
                0x000013e4                uxTaskGetNumberOfTasks
                0x000013f0                vTaskIncrementTick
                0x000014d0                xTaskResumeAll
                0x0000164c                vTaskDelay
                0x000016a4                vTaskDelayUntil
                0x00001740                vTaskSwitchContext
                0x0000183c                vTaskSuspend
                0x000018c8                vTaskPlaceOnEventList
                0x00001934                xTaskRemoveFromEventList
                0x000019c0                vTaskSetTimeOutState
                0x000019d8                xTaskCheckForTimeOut
                0x00001a58                vTaskMissedYield
                0x00001a6c                xTaskGetCurrentTaskHandle
                0x00001a78                vTaskPriorityInherit
                0x00001b04                vTaskPriorityDisinherit
 .text          0x00001b58      0x140 C:\Users\Saturnino\Documents\LPCXpresso_6.1.4_194\workspace\FreeRTOS_Library\Debug\libFreeRTOS_Library.a(heap_2.o)
                0x00001b58                pvPortMalloc
                0x00001c44                vPortFree
                0x00001c88                xPortGetFreeHeapSize
                0x00001c94                vPortInitialiseBlocks
 .text          0x00001c98       0xa4 C:\Users\Saturnino\Documents\LPCXpresso_6.1.4_194\workspace\FreeRTOS_Library\Debug\libFreeRTOS_Library.a(list.o)
                0x00001c98                vListInitialise
                0x00001cb0                vListInitialiseItem
                0x00001cb8                vListInsertEnd
                0x00001cd8                vListInsert
                0x00001d14                vListRemove
 .text.I2CRead  0x00001d3c       0x5c C:\Users\Saturnino\Documents\LPCXpresso_6.1.4_194\workspace\Lib_EaBaseBoard\Debug\libLib_EaBaseBoard.a(light.o)
 .text.I2CWrite
                0x00001d98       0x5c C:\Users\Saturnino\Documents\LPCXpresso_6.1.4_194\workspace\Lib_EaBaseBoard\Debug\libLib_EaBaseBoard.a(light.o)
 .text.light_init
                0x00001df4        0xc C:\Users\Saturnino\Documents\LPCXpresso_6.1.4_194\workspace\Lib_EaBaseBoard\Debug\libLib_EaBaseBoard.a(light.o)
                0x00001df4                light_init
 .text.light_enable
                0x00001e00       0x48 C:\Users\Saturnino\Documents\LPCXpresso_6.1.4_194\workspace\Lib_EaBaseBoard\Debug\libLib_EaBaseBoard.a(light.o)
                0x00001e00                light_enable
 .text.light_read
                0x00001e48       0x90 C:\Users\Saturnino\Documents\LPCXpresso_6.1.4_194\workspace\Lib_EaBaseBoard\Debug\libLib_EaBaseBoard.a(light.o)
                0x00001e48                light_read
 .text.writeCommand
                0x00001ed8       0x60 C:\Users\Saturnino\Documents\LPCXpresso_6.1.4_194\workspace\Lib_EaBaseBoard\Debug\libLib_EaBaseBoard.a(oled.o)
 .text.writeData
                0x00001f38       0x60 C:\Users\Saturnino\Documents\LPCXpresso_6.1.4_194\workspace\Lib_EaBaseBoard\Debug\libLib_EaBaseBoard.a(oled.o)
 .text.writeDataLen
                0x00001f98       0x8c C:\Users\Saturnino\Documents\LPCXpresso_6.1.4_194\workspace\Lib_EaBaseBoard\Debug\libLib_EaBaseBoard.a(oled.o)
 .text.runInitSequence
                0x00002024      0x118 C:\Users\Saturnino\Documents\LPCXpresso_6.1.4_194\workspace\Lib_EaBaseBoard\Debug\libLib_EaBaseBoard.a(oled.o)
 .text.hLine    0x0000213c       0x4c C:\Users\Saturnino\Documents\LPCXpresso_6.1.4_194\workspace\Lib_EaBaseBoard\Debug\libLib_EaBaseBoard.a(oled.o)
 .text.vLine    0x00002188       0x4c C:\Users\Saturnino\Documents\LPCXpresso_6.1.4_194\workspace\Lib_EaBaseBoard\Debug\libLib_EaBaseBoard.a(oled.o)
 .text.oled_init
                0x000021d4       0x9c C:\Users\Saturnino\Documents\LPCXpresso_6.1.4_194\workspace\Lib_EaBaseBoard\Debug\libLib_EaBaseBoard.a(oled.o)
                0x000021d4                oled_init
 .text.oled_putPixel
                0x00002270      0x188 C:\Users\Saturnino\Documents\LPCXpresso_6.1.4_194\workspace\Lib_EaBaseBoard\Debug\libLib_EaBaseBoard.a(oled.o)
                0x00002270                oled_putPixel
 .text.oled_fillRect
                0x000023f8       0x90 C:\Users\Saturnino\Documents\LPCXpresso_6.1.4_194\workspace\Lib_EaBaseBoard\Debug\libLib_EaBaseBoard.a(oled.o)
                0x000023f8                oled_fillRect
 .text.oled_clearScreen
                0x00002488       0x74 C:\Users\Saturnino\Documents\LPCXpresso_6.1.4_194\workspace\Lib_EaBaseBoard\Debug\libLib_EaBaseBoard.a(oled.o)
                0x00002488                oled_clearScreen
 .text.oled_putChar
                0x000024fc       0xf0 C:\Users\Saturnino\Documents\LPCXpresso_6.1.4_194\workspace\Lib_EaBaseBoard\Debug\libLib_EaBaseBoard.a(oled.o)
                0x000024fc                oled_putChar
 .text.oled_putString
                0x000025ec       0x54 C:\Users\Saturnino\Documents\LPCXpresso_6.1.4_194\workspace\Lib_EaBaseBoard\Debug\libLib_EaBaseBoard.a(oled.o)
                0x000025ec                oled_putString
 .text.GPIO_GetPointer
                0x00002640       0x7c C:\Users\Saturnino\Documents\LPCXpresso_6.1.4_194\workspace\Lib_MCU\Debug\libLib_MCU.a(lpc17xx_gpio.o)
 .text.GPIO_SetDir
                0x000026bc       0x54 C:\Users\Saturnino\Documents\LPCXpresso_6.1.4_194\workspace\Lib_MCU\Debug\libLib_MCU.a(lpc17xx_gpio.o)
                0x000026bc                GPIO_SetDir
 .text.GPIO_SetValue
                0x00002710       0x2c C:\Users\Saturnino\Documents\LPCXpresso_6.1.4_194\workspace\Lib_MCU\Debug\libLib_MCU.a(lpc17xx_gpio.o)
                0x00002710                GPIO_SetValue
 .text.GPIO_ClearValue
                0x0000273c       0x2c C:\Users\Saturnino\Documents\LPCXpresso_6.1.4_194\workspace\Lib_MCU\Debug\libLib_MCU.a(lpc17xx_gpio.o)
                0x0000273c                GPIO_ClearValue
 .text.NVIC_EnableIRQ
                0x00002768       0x38 C:\Users\Saturnino\Documents\LPCXpresso_6.1.4_194\workspace\Lib_MCU\Debug\libLib_MCU.a(lpc17xx_i2c.o)
 .text.NVIC_DisableIRQ
                0x000027a0       0x3c C:\Users\Saturnino\Documents\LPCXpresso_6.1.4_194\workspace\Lib_MCU\Debug\libLib_MCU.a(lpc17xx_i2c.o)
 .text.I2C_getNum
                0x000027dc       0x54 C:\Users\Saturnino\Documents\LPCXpresso_6.1.4_194\workspace\Lib_MCU\Debug\libLib_MCU.a(lpc17xx_i2c.o)
 .text.I2C_Start
                0x00002830       0x44 C:\Users\Saturnino\Documents\LPCXpresso_6.1.4_194\workspace\Lib_MCU\Debug\libLib_MCU.a(lpc17xx_i2c.o)
 .text.I2C_Stop
                0x00002874       0x38 C:\Users\Saturnino\Documents\LPCXpresso_6.1.4_194\workspace\Lib_MCU\Debug\libLib_MCU.a(lpc17xx_i2c.o)
 .text.I2C_SendByte
                0x000028ac       0x50 C:\Users\Saturnino\Documents\LPCXpresso_6.1.4_194\workspace\Lib_MCU\Debug\libLib_MCU.a(lpc17xx_i2c.o)
 .text.I2C_GetByte
                0x000028fc       0x5c C:\Users\Saturnino\Documents\LPCXpresso_6.1.4_194\workspace\Lib_MCU\Debug\libLib_MCU.a(lpc17xx_i2c.o)
 .text.I2C_IntCmd
                0x00002958       0xa8 C:\Users\Saturnino\Documents\LPCXpresso_6.1.4_194\workspace\Lib_MCU\Debug\libLib_MCU.a(lpc17xx_i2c.o)
                0x00002958                I2C_IntCmd
 .text.I2C_MasterHandler
                0x00002a00      0x408 C:\Users\Saturnino\Documents\LPCXpresso_6.1.4_194\workspace\Lib_MCU\Debug\libLib_MCU.a(lpc17xx_i2c.o)
                0x00002a00                I2C_MasterHandler
 .text.I2C_SetClock
                0x00002e08       0xc8 C:\Users\Saturnino\Documents\LPCXpresso_6.1.4_194\workspace\Lib_MCU\Debug\libLib_MCU.a(lpc17xx_i2c.o)
                0x00002e08                I2C_SetClock
 .text.I2C_Init
                0x00002ed0       0xd8 C:\Users\Saturnino\Documents\LPCXpresso_6.1.4_194\workspace\Lib_MCU\Debug\libLib_MCU.a(lpc17xx_i2c.o)
                0x00002ed0                I2C_Init
 .text.I2C_Cmd  0x00002fa8       0x84 C:\Users\Saturnino\Documents\LPCXpresso_6.1.4_194\workspace\Lib_MCU\Debug\libLib_MCU.a(lpc17xx_i2c.o)
                0x00002fa8                I2C_Cmd
 .text.I2C_MasterTransferData
                0x0000302c      0x390 C:\Users\Saturnino\Documents\LPCXpresso_6.1.4_194\workspace\Lib_MCU\Debug\libLib_MCU.a(lpc17xx_i2c.o)
                0x0000302c                I2C_MasterTransferData
 .text.check_failed
                0x000033bc        0xc C:\Users\Saturnino\Documents\LPCXpresso_6.1.4_194\workspace\Lib_MCU\Debug\libLib_MCU.a(lpc17xx_libcfg_default.o)
                0x000033bc                check_failed
 .text.PINSEL_SetPinFunc
                0x000033c8       0x9c C:\Users\Saturnino\Documents\LPCXpresso_6.1.4_194\workspace\Lib_MCU\Debug\libLib_MCU.a(lpc17xx_pinsel.o)
                0x000033c8                PINSEL_SetPinFunc
 .text.PINSEL_SetResistorMode
                0x00003464       0x9c C:\Users\Saturnino\Documents\LPCXpresso_6.1.4_194\workspace\Lib_MCU\Debug\libLib_MCU.a(lpc17xx_pinsel.o)
                0x00003464                PINSEL_SetResistorMode
 .text.PINSEL_SetOpenDrainMode
                0x00003500       0x7c C:\Users\Saturnino\Documents\LPCXpresso_6.1.4_194\workspace\Lib_MCU\Debug\libLib_MCU.a(lpc17xx_pinsel.o)
                0x00003500                PINSEL_SetOpenDrainMode
 .text.PINSEL_ConfigPin
                0x0000357c       0x54 C:\Users\Saturnino\Documents\LPCXpresso_6.1.4_194\workspace\Lib_MCU\Debug\libLib_MCU.a(lpc17xx_pinsel.o)
                0x0000357c                PINSEL_ConfigPin
 .text.SSP_getNum
                0x000035d0       0x40 C:\Users\Saturnino\Documents\LPCXpresso_6.1.4_194\workspace\Lib_MCU\Debug\libLib_MCU.a(lpc17xx_ssp.o)
 .text.SSP_IntHandler
                0x00003610      0x338 C:\Users\Saturnino\Documents\LPCXpresso_6.1.4_194\workspace\Lib_MCU\Debug\libLib_MCU.a(lpc17xx_ssp.o)
                0x00003610                SSP_IntHandler
 .text.SSP_SetClock
                0x00003948       0xf8 C:\Users\Saturnino\Documents\LPCXpresso_6.1.4_194\workspace\Lib_MCU\Debug\libLib_MCU.a(lpc17xx_ssp.o)
                0x00003948                SSP_SetClock
 .text.SSP_Init
                0x00003a40      0x10c C:\Users\Saturnino\Documents\LPCXpresso_6.1.4_194\workspace\Lib_MCU\Debug\libLib_MCU.a(lpc17xx_ssp.o)
                0x00003a40                SSP_Init
 .text.SSP_ConfigStructInit
                0x00003b4c       0x48 C:\Users\Saturnino\Documents\LPCXpresso_6.1.4_194\workspace\Lib_MCU\Debug\libLib_MCU.a(lpc17xx_ssp.o)
                0x00003b4c                SSP_ConfigStructInit
 .text.SSP_Cmd  0x00003b94       0x7c C:\Users\Saturnino\Documents\LPCXpresso_6.1.4_194\workspace\Lib_MCU\Debug\libLib_MCU.a(lpc17xx_ssp.o)
                0x00003b94                SSP_Cmd
 .text.SSP_SendData
                0x00003c10       0x48 C:\Users\Saturnino\Documents\LPCXpresso_6.1.4_194\workspace\Lib_MCU\Debug\libLib_MCU.a(lpc17xx_ssp.o)
                0x00003c10                SSP_SendData
 .text.SSP_ReceiveData
                0x00003c58       0x44 C:\Users\Saturnino\Documents\LPCXpresso_6.1.4_194\workspace\Lib_MCU\Debug\libLib_MCU.a(lpc17xx_ssp.o)
                0x00003c58                SSP_ReceiveData
 .text.SSP_ReadWrite
                0x00003c9c      0x440 C:\Users\Saturnino\Documents\LPCXpresso_6.1.4_194\workspace\Lib_MCU\Debug\libLib_MCU.a(lpc17xx_ssp.o)
                0x00003c9c                SSP_ReadWrite
 .text.CLKPWR_SetPCLKDiv
                0x000040dc       0xcc C:\Users\Saturnino\Documents\LPCXpresso_6.1.4_194\workspace\Lib_MCU\Debug\libLib_MCU.a(lpc17xx_clkpwr.o)
                0x000040dc                CLKPWR_SetPCLKDiv
 .text.CLKPWR_GetPCLKSEL
                0x000041a8       0x54 C:\Users\Saturnino\Documents\LPCXpresso_6.1.4_194\workspace\Lib_MCU\Debug\libLib_MCU.a(lpc17xx_clkpwr.o)
                0x000041a8                CLKPWR_GetPCLKSEL
 .text.CLKPWR_GetPCLK
                0x000041fc       0x74 C:\Users\Saturnino\Documents\LPCXpresso_6.1.4_194\workspace\Lib_MCU\Debug\libLib_MCU.a(lpc17xx_clkpwr.o)
                0x000041fc                CLKPWR_GetPCLK
 .text.CLKPWR_ConfigPPWR
                0x00004270       0x78 C:\Users\Saturnino\Documents\LPCXpresso_6.1.4_194\workspace\Lib_MCU\Debug\libLib_MCU.a(lpc17xx_clkpwr.o)
                0x00004270                CLKPWR_ConfigPPWR
 .text.__main   0x000042e8       0x14 c:/nxp/lpcxpresso_6.1.4_194/lpcxpresso/tools/bin/../lib/gcc/arm-none-eabi/4.6.2/../../../../arm-none-eabi/lib/armv7-m\libcr_semihost.a(_cr__main.o)
                0x000042e8                __CR_SEMIHOST
                0x000042e8                __main
 .text.memcpy   0x000042fc        0x4 c:/nxp/lpcxpresso_6.1.4_194/lpcxpresso/tools/bin/../lib/gcc/arm-none-eabi/4.6.2/../../../../arm-none-eabi/lib/armv7-m\libcr_c.a(memcpy.o)
                0x000042fc                memcpy
 .text.memset   0x00004300        0x4 c:/nxp/lpcxpresso_6.1.4_194/lpcxpresso/tools/bin/../lib/gcc/arm-none-eabi/4.6.2/../../../../arm-none-eabi/lib/armv7-m\libcr_c.a(memset.o)
                0x00004300                memset
 .text.lose_trailing_zeros
                0x00004304       0x1e c:/nxp/lpcxpresso_6.1.4_194/lpcxpresso/tools/bin/../lib/gcc/arm-none-eabi/4.6.2/../../../../arm-none-eabi/lib/armv7-m\libcr_c.a(fpprintf.o)
 .text.fp_round
                0x00004322       0x54 c:/nxp/lpcxpresso_6.1.4_194/lpcxpresso/tools/bin/../lib/gcc/arm-none-eabi/4.6.2/../../../../arm-none-eabi/lib/armv7-m\libcr_c.a(fpprintf.o)
 .text.pr_dec.constprop.1
                0x00004376       0x22 c:/nxp/lpcxpresso_6.1.4_194/lpcxpresso/tools/bin/../lib/gcc/arm-none-eabi/4.6.2/../../../../arm-none-eabi/lib/armv7-m\libcr_c.a(fpprintf.o)
 .text.sprintf  0x00004398       0x70 c:/nxp/lpcxpresso_6.1.4_194/lpcxpresso/tools/bin/../lib/gcc/arm-none-eabi/4.6.2/../../../../arm-none-eabi/lib/armv7-m\libcr_c.a(fpprintf.o)
                0x00004398                sprintf
 .text.fp_display
                0x00004408      0x908 c:/nxp/lpcxpresso_6.1.4_194/lpcxpresso/tools/bin/../lib/gcc/arm-none-eabi/4.6.2/../../../../arm-none-eabi/lib/armv7-m\libcr_c.a(fpprintf.o)
 .text.vsnprintf
                0x00004d10       0x5c c:/nxp/lpcxpresso_6.1.4_194/lpcxpresso/tools/bin/../lib/gcc/arm-none-eabi/4.6.2/../../../../arm-none-eabi/lib/armv7-m\libcr_c.a(fpprintf.o)
                0x00004d10                vsnprintf
 .text.printf   0x00004d6c       0x54 c:/nxp/lpcxpresso_6.1.4_194/lpcxpresso/tools/bin/../lib/gcc/arm-none-eabi/4.6.2/../../../../arm-none-eabi/lib/armv7-m\libcr_c.a(fpprintf.o)
                0x00004d6c                printf
 .text._initio  0x00004dc0       0x9c c:/nxp/lpcxpresso_6.1.4_194/lpcxpresso/tools/bin/../lib/gcc/arm-none-eabi/4.6.2/../../../../arm-none-eabi/lib/armv7-m\libcr_c.a(initio.o)
                0x00004dc0                _initio
 .text.memcmp   0x00004e5c       0x38 c:/nxp/lpcxpresso_6.1.4_194/lpcxpresso/tools/bin/../lib/gcc/arm-none-eabi/4.6.2/../../../../arm-none-eabi/lib/armv7-m\libcr_c.a(memcmp.o)
                0x00004e5c                memcmp
 .text.__vfprintf
                0x00004e94      0xd54 c:/nxp/lpcxpresso_6.1.4_194/lpcxpresso/tools/bin/../lib/gcc/arm-none-eabi/4.6.2/../../../../arm-none-eabi/lib/armv7-m\libcr_c.a(printf.o)
                0x00004e94                __vfprintf
 .text.puts     0x00005be8       0x34 c:/nxp/lpcxpresso_6.1.4_194/lpcxpresso/tools/bin/../lib/gcc/arm-none-eabi/4.6.2/../../../../arm-none-eabi/lib/armv7-m\libcr_c.a(puts.o)
                0x00005be8                puts
 .text.setvbuf  0x00005c1c       0x48 c:/nxp/lpcxpresso_6.1.4_194/lpcxpresso/tools/bin/../lib/gcc/arm-none-eabi/4.6.2/../../../../arm-none-eabi/lib/armv7-m\libcr_c.a(setvbuf.o)
                0x00005c1c                setvbuf
 .text.strlen   0x00005c64       0x4c c:/nxp/lpcxpresso_6.1.4_194/lpcxpresso/tools/bin/../lib/gcc/arm-none-eabi/4.6.2/../../../../arm-none-eabi/lib/armv7-m\libcr_c.a(strlen.o)
                0x00005c64                strlen
 .text.strncpy  0x00005cb0       0x54 c:/nxp/lpcxpresso_6.1.4_194/lpcxpresso/tools/bin/../lib/gcc/arm-none-eabi/4.6.2/../../../../arm-none-eabi/lib/armv7-m\libcr_c.a(strncpy.o)
                0x00005cb0                strncpy
 .text._deferredlazyseek
                0x00005d04       0x44 c:/nxp/lpcxpresso_6.1.4_194/lpcxpresso/tools/bin/../lib/gcc/arm-none-eabi/4.6.2/../../../../arm-none-eabi/lib/armv7-m\libcr_c.a(_deferredlazyseek.o)
                0x00005d04                _deferredlazyseek
 .text.__flsbuf
                0x00005d48      0x14e c:/nxp/lpcxpresso_6.1.4_194/lpcxpresso/tools/bin/../lib/gcc/arm-none-eabi/4.6.2/../../../../arm-none-eabi/lib/armv7-m\libcr_c.a(_deferredlazyseek.o)
                0x00005d48                __flsbuf
 .text._fdopen  0x00005e96       0x6c c:/nxp/lpcxpresso_6.1.4_194/lpcxpresso/tools/bin/../lib/gcc/arm-none-eabi/4.6.2/../../../../arm-none-eabi/lib/armv7-m\libcr_c.a(_fdopen.o)
                0x00005e96                _fdopen
 .text._fflush  0x00005f02       0x58 c:/nxp/lpcxpresso_6.1.4_194/lpcxpresso/tools/bin/../lib/gcc/arm-none-eabi/4.6.2/../../../../arm-none-eabi/lib/armv7-m\libcr_c.a(_fflush.o)
                0x00005f02                _fflush
 .text._frexpl  0x00005f5a       0x60 c:/nxp/lpcxpresso_6.1.4_194/lpcxpresso/tools/bin/../lib/gcc/arm-none-eabi/4.6.2/../../../../arm-none-eabi/lib/armv7-m\libcr_c.a(_frexpl.o)
                0x00005f5a                _frexpl
 *fill*         0x00005fba        0x2 00
 .text._ldexpl  0x00005fbc       0x50 c:/nxp/lpcxpresso_6.1.4_194/lpcxpresso/tools/bin/../lib/gcc/arm-none-eabi/4.6.2/../../../../arm-none-eabi/lib/armv7-m\libcr_c.a(_ldexpl.o)
                0x00005fbc                _ldexpl
 .text._Cwritebuf
                0x0000600c       0x84 c:/nxp/lpcxpresso_6.1.4_194/lpcxpresso/tools/bin/../lib/gcc/arm-none-eabi/4.6.2/../../../../arm-none-eabi/lib/armv7-m\libcr_c.a(_writebuf.o)
                0x0000600c                _Cwritebuf
 .text.malloc   0x00006090       0xbc c:/nxp/lpcxpresso_6.1.4_194/lpcxpresso/tools/bin/../lib/gcc/arm-none-eabi/4.6.2/../../../../arm-none-eabi/lib/armv7-m\libcr_c.a(alloc.o)
                0x00006090                malloc
 .text.free     0x0000614c        0xc c:/nxp/lpcxpresso_6.1.4_194/lpcxpresso/tools/bin/../lib/gcc/arm-none-eabi/4.6.2/../../../../arm-none-eabi/lib/armv7-m\libcr_c.a(alloc.o)
                0x0000614c                free
 .text._Csys_alloc
                0x00006158       0x20 c:/nxp/lpcxpresso_6.1.4_194/lpcxpresso/tools/bin/../lib/gcc/arm-none-eabi/4.6.2/../../../../arm-none-eabi/lib/armv7-m\libcr_c.a(alloc.o)
                0x00006158                _Csys_alloc
 .text.fclose   0x00006178       0x6c c:/nxp/lpcxpresso_6.1.4_194/lpcxpresso/tools/bin/../lib/gcc/arm-none-eabi/4.6.2/../../../../arm-none-eabi/lib/armv7-m\libcr_c.a(fclose.o)
                0x00006178                fclose
 .text.fflush   0x000061e4       0x34 c:/nxp/lpcxpresso_6.1.4_194/lpcxpresso/tools/bin/../lib/gcc/arm-none-eabi/4.6.2/../../../../arm-none-eabi/lib/armv7-m\libcr_c.a(fflush.o)
                0x000061e4                fflush
 .text.fseek    0x00006218      0x104 c:/nxp/lpcxpresso_6.1.4_194/lpcxpresso/tools/bin/../lib/gcc/arm-none-eabi/4.6.2/../../../../arm-none-eabi/lib/armv7-m\libcr_c.a(fseek.o)
                0x00006218                fseek
 .text.ftell    0x0000631c       0x4c c:/nxp/lpcxpresso_6.1.4_194/lpcxpresso/tools/bin/../lib/gcc/arm-none-eabi/4.6.2/../../../../arm-none-eabi/lib/armv7-m\libcr_c.a(ftell.o)
                0x0000631c                ftell
 .text.remove   0x00006368       0x14 c:/nxp/lpcxpresso_6.1.4_194/lpcxpresso/tools/bin/../lib/gcc/arm-none-eabi/4.6.2/../../../../arm-none-eabi/lib/armv7-m\libcr_c.a(remove.o)
                0x00006368                remove
 .text._do_fflush
                0x0000637c       0x42 c:/nxp/lpcxpresso_6.1.4_194/lpcxpresso/tools/bin/../lib/gcc/arm-none-eabi/4.6.2/../../../../arm-none-eabi/lib/armv7-m\libcr_c.a(_do_fflush.o)
                0x0000637c                _do_fflush
 *fill*         0x000063be        0x2 00
 .text.__aeabi_dmul
                0x000063c0      0x138 c:/nxp/lpcxpresso_6.1.4_194/lpcxpresso/tools/bin/../lib/gcc/arm-none-eabi/4.6.2/armv7-m\libcr_eabihelpers.a(double.o)
                0x000063c0                __aeabi_dmul
 .text.__aeabi_ddiv
                0x000064f8      0x168 c:/nxp/lpcxpresso_6.1.4_194/lpcxpresso/tools/bin/../lib/gcc/arm-none-eabi/4.6.2/armv7-m\libcr_eabihelpers.a(double.o)
                0x000064f8                __aeabi_ddiv
 .text.__aeabi_dsub
                0x00006660      0x1f4 c:/nxp/lpcxpresso_6.1.4_194/lpcxpresso/tools/bin/../lib/gcc/arm-none-eabi/4.6.2/armv7-m\libcr_eabihelpers.a(double.o)
                0x00006660                __aeabi_dsub
 .text.__aeabi_dadd
                0x00006854      0x154 c:/nxp/lpcxpresso_6.1.4_194/lpcxpresso/tools/bin/../lib/gcc/arm-none-eabi/4.6.2/armv7-m\libcr_eabihelpers.a(double.o)
                0x00006854                __aeabi_dadd
 .text.__aeabi_d2iz
                0x000069a8       0x40 c:/nxp/lpcxpresso_6.1.4_194/lpcxpresso/tools/bin/../lib/gcc/arm-none-eabi/4.6.2/armv7-m\libcr_eabihelpers.a(double.o)
                0x000069a8                __aeabi_d2iz
 .text.__bhs_ui2d
                0x000069e8       0x5c c:/nxp/lpcxpresso_6.1.4_194/lpcxpresso/tools/bin/../lib/gcc/arm-none-eabi/4.6.2/armv7-m\libcr_eabihelpers.a(double.o)
                0x000069e8                __bhs_ui2d
 .text.__aeabi_i2d
                0x00006a44       0x10 c:/nxp/lpcxpresso_6.1.4_194/lpcxpresso/tools/bin/../lib/gcc/arm-none-eabi/4.6.2/armv7-m\libcr_eabihelpers.a(double.o)
                0x00006a44                __aeabi_i2d
 .text.__aeabi_dcmpeq
                0x00006a54       0x3c c:/nxp/lpcxpresso_6.1.4_194/lpcxpresso/tools/bin/../lib/gcc/arm-none-eabi/4.6.2/armv7-m\libcr_eabihelpers.a(double.o)
                0x00006a54                __aeabi_dcmpeq
 .text.__aeabi_dcmplt
                0x00006a90       0x5c c:/nxp/lpcxpresso_6.1.4_194/lpcxpresso/tools/bin/../lib/gcc/arm-none-eabi/4.6.2/armv7-m\libcr_eabihelpers.a(double.o)
                0x00006a90                __aeabi_dcmplt
 .text.__aeabi_dcmple
                0x00006aec       0x58 c:/nxp/lpcxpresso_6.1.4_194/lpcxpresso/tools/bin/../lib/gcc/arm-none-eabi/4.6.2/armv7-m\libcr_eabihelpers.a(double.o)
                0x00006aec                __aeabi_dcmple
 .text.__aeabi_dcmpge
                0x00006b44       0x5c c:/nxp/lpcxpresso_6.1.4_194/lpcxpresso/tools/bin/../lib/gcc/arm-none-eabi/4.6.2/armv7-m\libcr_eabihelpers.a(double.o)
                0x00006b44                __aeabi_dcmpge
 .text.__aeabi_memcpy
                0x00006ba0       0x26 c:/nxp/lpcxpresso_6.1.4_194/lpcxpresso/tools/bin/../lib/gcc/arm-none-eabi/4.6.2/armv7-m\libcr_eabihelpers.a(memcpy.o)
                0x00006ba0                __aeabi_memcpy4
                0x00006ba0                __aeabi_memcpy8
                0x00006ba0                __aeabi_memcpy
 .text.__aeabi_memset_lowlevel
                0x00006bc6       0x24 c:/nxp/lpcxpresso_6.1.4_194/lpcxpresso/tools/bin/../lib/gcc/arm-none-eabi/4.6.2/armv7-m\libcr_eabihelpers.a(memcpy.o)
                0x00006bc6                __aeabi_lowlevel_memset
 *fill*         0x00006bea        0x2 00
 .text.__sys_appexit
                0x00006bec        0xc c:/nxp/lpcxpresso_6.1.4_194/lpcxpresso/tools/bin/../lib/gcc/arm-none-eabi/4.6.2/../../../../arm-none-eabi/lib/armv7-m\libcr_semihost.a(__sys_appexit.o)
                0x00006bec                __sys_appexit
                0x00006bec                __exit
 .text.__sys_close
                0x00006bf8        0xc c:/nxp/lpcxpresso_6.1.4_194/lpcxpresso/tools/bin/../lib/gcc/arm-none-eabi/4.6.2/../../../../arm-none-eabi/lib/armv7-m\libcr_semihost.a(__sys_close.o)
                0x00006bf8                __sys_close
 .text.__sys_flen
                0x00006c04        0xc c:/nxp/lpcxpresso_6.1.4_194/lpcxpresso/tools/bin/../lib/gcc/arm-none-eabi/4.6.2/../../../../arm-none-eabi/lib/armv7-m\libcr_semihost.a(__sys_flen.o)
                0x00006c04                __sys_flen
 .text.__sys_istty
                0x00006c10        0xc c:/nxp/lpcxpresso_6.1.4_194/lpcxpresso/tools/bin/../lib/gcc/arm-none-eabi/4.6.2/../../../../arm-none-eabi/lib/armv7-m\libcr_semihost.a(__sys_istty.o)
                0x00006c10                __sys_istty
 .text.__sys_remove
                0x00006c1c        0xc c:/nxp/lpcxpresso_6.1.4_194/lpcxpresso/tools/bin/../lib/gcc/arm-none-eabi/4.6.2/../../../../arm-none-eabi/lib/armv7-m\libcr_semihost.a(__sys_remove.o)
                0x00006c1c                __sys_remove
 .text.__sys_seek
                0x00006c28        0xc c:/nxp/lpcxpresso_6.1.4_194/lpcxpresso/tools/bin/../lib/gcc/arm-none-eabi/4.6.2/../../../../arm-none-eabi/lib/armv7-m\libcr_semihost.a(__sys_seek.o)
                0x00006c28                __sys_seek
 .text.__sys_tmpnam
                0x00006c34        0xc c:/nxp/lpcxpresso_6.1.4_194/lpcxpresso/tools/bin/../lib/gcc/arm-none-eabi/4.6.2/../../../../arm-none-eabi/lib/armv7-m\libcr_semihost.a(__sys_tmpnam.o)
                0x00006c34                __sys_tmpnam
 .text.__sys_write
                0x00006c40        0xc c:/nxp/lpcxpresso_6.1.4_194/lpcxpresso/tools/bin/../lib/gcc/arm-none-eabi/4.6.2/../../../../arm-none-eabi/lib/armv7-m\libcr_semihost.a(__sys_write.o)
                0x00006c40                __sys_write
                0x00006c40                __write
 .text._sbrk    0x00006c4c       0x40 c:/nxp/lpcxpresso_6.1.4_194/lpcxpresso/tools/bin/../lib/gcc/arm-none-eabi/4.6.2/../../../../arm-none-eabi/lib/armv7-m\libcr_semihost.a(_cr_sbrk.o)
                0x00006c4c                _sbrk
 .text.__check_heap_overflow
                0x00006c8c       0x2c c:/nxp/lpcxpresso_6.1.4_194/lpcxpresso/tools/bin/../lib/gcc/arm-none-eabi/4.6.2/../../../../arm-none-eabi/lib/armv7-m\libcr_semihost.a(_cr_check_heap.o)
                0x00006c8c                __check_heap_overflow
 *(.rodata .rodata.* .constdata .constdata.*)
 .rodata        0x00006cb8       0xd8 ./main.o
 .rodata        0x00006d90       0x14 C:\Users\Saturnino\Documents\LPCXpresso_6.1.4_194\workspace\FreeRTOS_Library\Debug\libFreeRTOS_Library.a(tasks.o)
 .rodata.str1.4
                0x00006da4        0x8 C:\Users\Saturnino\Documents\LPCXpresso_6.1.4_194\workspace\FreeRTOS_Library\Debug\libFreeRTOS_Library.a(tasks.o)
 .rodata        0x00006dac        0x8 C:\Users\Saturnino\Documents\LPCXpresso_6.1.4_194\workspace\Lib_EaBaseBoard\Debug\libLib_EaBaseBoard.a(oled.o)
 .rodata        0x00006db4      0x300 C:\Users\Saturnino\Documents\LPCXpresso_6.1.4_194\workspace\Lib_EaBaseBoard\Debug\libLib_EaBaseBoard.a(font5x7.o)
                0x00006db4                font5x7
 .rodata        0x000070b4       0x18 C:\Users\Saturnino\Documents\LPCXpresso_6.1.4_194\workspace\Lib_MCU\Debug\libLib_MCU.a(lpc17xx_i2c.o)
 .rodata        0x000070cc       0x18 C:\Users\Saturnino\Documents\LPCXpresso_6.1.4_194\workspace\Lib_MCU\Debug\libLib_MCU.a(lpc17xx_ssp.o)
 .rodata.str1.1
                0x000070e4       0x34 c:/nxp/lpcxpresso_6.1.4_194/lpcxpresso/tools/bin/../lib/gcc/arm-none-eabi/4.6.2/../../../../arm-none-eabi/lib/armv7-m\libcr_c.a(fpprintf.o)
                                 0x35 (size before relaxing)
 .rodata.str1.1
                0x00007118        0x4 c:/nxp/lpcxpresso_6.1.4_194/lpcxpresso/tools/bin/../lib/gcc/arm-none-eabi/4.6.2/../../../../arm-none-eabi/lib/armv7-m\libcr_c.a(initio.o)
 .rodata.str1.1
                0x0000711c       0x31 c:/nxp/lpcxpresso_6.1.4_194/lpcxpresso/tools/bin/../lib/gcc/arm-none-eabi/4.6.2/../../../../arm-none-eabi/lib/armv7-m\libcr_c.a(printf.o)
                                 0x38 (size before relaxing)
 .rodata.str1.1
                0x00000000       0x31 c:/nxp/lpcxpresso_6.1.4_194/lpcxpresso/tools/bin/../lib/gcc/arm-none-eabi/4.6.2/../../../../arm-none-eabi/lib/armv7-m\libcr_c.a(puts.o)
                                  0x2 (size before relaxing)
 .rodata.str1.1
                0x0000714d       0x18 c:/nxp/lpcxpresso_6.1.4_194/lpcxpresso/tools/bin/../lib/gcc/arm-none-eabi/4.6.2/../../../../arm-none-eabi/lib/armv7-m\libcr_c.a(alloc.o)
 *fill*         0x00007165        0x3 00
 .rodata.__huge_vall
                0x00007168        0x8 c:/nxp/lpcxpresso_6.1.4_194/lpcxpresso/tools/bin/../lib/gcc/arm-none-eabi/4.6.2/../../../../arm-none-eabi/lib/armv7-m\libcr_c.a(_hugeval.o)
                0x00007168                __huge_vall
                0x00007170                . = ALIGN (0x4)

.glue_7         0x00007170        0x0
 .glue_7        0x00000000        0x0 linker stubs

.glue_7t        0x00007170        0x0
 .glue_7t       0x00000000        0x0 linker stubs

.vfp11_veneer   0x00007170        0x0
 .vfp11_veneer  0x00000000        0x0 linker stubs

.v4_bx          0x00007170        0x0
 .v4_bx         0x00000000        0x0 linker stubs

.ARM.extab
 *(.ARM.extab* .gnu.linkonce.armextab.*)
                0x00007170                __exidx_start = .

.ARM.exidx
 *(.ARM.exidx* .gnu.linkonce.armexidx.*)
                0x00007170                __exidx_end = .
                0x00007170                _etext = .

.data_RAM2      0x2007c000        0x0 load address 0x00007170
 FILL mask 0xff
 *(.data.$RAM2*)
 *(.data.$RamAHB32*)
                0x2007c000                . = ALIGN (0x4)

.uninit_RESERVED
                0x10000000        0x0
 *(.bss.$RESERVED*)
                0x10000000                . = ALIGN (0x4)
                0x10000000                _end_uninit_RESERVED = .

.data           0x10000000       0x18 load address 0x00007170
 FILL mask 0xff
                0x10000000                _data = .
 *(vtable)
 *(.data*)
 .data          0x10000000        0x4 ./main.o
 .data          0x10000004        0x4 C:\Users\Saturnino\Documents\LPCXpresso_6.1.4_194\workspace\CMSISv1p30_LPC17xx\Debug\libCMSISv1p30_LPC17xx.a(system_LPC17xx.o)
                0x10000004                SystemCoreClock
 .data          0x10000008        0x4 C:\Users\Saturnino\Documents\LPCXpresso_6.1.4_194\workspace\FreeRTOS_Library\Debug\libFreeRTOS_Library.a(port.o)
 .data          0x1000000c        0x4 C:\Users\Saturnino\Documents\LPCXpresso_6.1.4_194\workspace\FreeRTOS_Library\Debug\libFreeRTOS_Library.a(heap_2.o)
 .data          0x10000010        0x8 C:\Users\Saturnino\Documents\LPCXpresso_6.1.4_194\workspace\Lib_EaBaseBoard\Debug\libLib_EaBaseBoard.a(light.o)
                0x10000018                . = ALIGN (0x4)
                0x10000018                _edata = .

.bss_RAM2       0x2007c000        0x0
 *(.bss.$RAM2*)
 *(.bss.$RamAHB32*)
                0x2007c000                . = ALIGN (0x4)

.bss            0x10000018     0x2dbc
                0x10000018                _bss = .
 *(.bss*)
 .bss           0x10000018       0x10 ./main.o
                0x10000024                Global_Queue_handle
 .bss           0x10000028      0x100 C:\Users\Saturnino\Documents\LPCXpresso_6.1.4_194\workspace\FreeRTOS_Library\Debug\libFreeRTOS_Library.a(tasks.o)
                0x1000002c                pxCurrentTCB
 .bss           0x10000128     0x2818 C:\Users\Saturnino\Documents\LPCXpresso_6.1.4_194\workspace\FreeRTOS_Library\Debug\libFreeRTOS_Library.a(heap_2.o)
 .bss           0x10002940      0x300 C:\Users\Saturnino\Documents\LPCXpresso_6.1.4_194\workspace\Lib_EaBaseBoard\Debug\libLib_EaBaseBoard.a(oled.o)
 .bss           0x10002c40       0x24 C:\Users\Saturnino\Documents\LPCXpresso_6.1.4_194\workspace\Lib_MCU\Debug\libLib_MCU.a(lpc17xx_i2c.o)
 .bss           0x10002c64       0x18 C:\Users\Saturnino\Documents\LPCXpresso_6.1.4_194\workspace\Lib_MCU\Debug\libLib_MCU.a(lpc17xx_ssp.o)
 .bss.errno     0x10002c7c        0x4 c:/nxp/lpcxpresso_6.1.4_194/lpcxpresso/tools/bin/../lib/gcc/arm-none-eabi/4.6.2/../../../../arm-none-eabi/lib/armv7-m\libcr_c.a(errno.o)
                0x10002c7c                errno
 *(COMMON)
 COMMON         0x10002c80        0x8 ./Sensor.o
                0x10002c80                ClassHandle
 COMMON         0x10002c88        0x4 c:/nxp/lpcxpresso_6.1.4_194/lpcxpresso/tools/bin/../lib/gcc/arm-none-eabi/4.6.2/../../../../arm-none-eabi/lib/armv7-m\libcr_c.a(initio.o)
                0x10002c88                _extra
 COMMON         0x10002c8c      0x140 c:/nxp/lpcxpresso_6.1.4_194/lpcxpresso/tools/bin/../lib/gcc/arm-none-eabi/4.6.2/../../../../arm-none-eabi/lib/armv7-m\libcr_c.a(stdio.o)
                0x10002c8c                __Ciob
 COMMON         0x10002dcc        0x8 c:/nxp/lpcxpresso_6.1.4_194/lpcxpresso/tools/bin/../lib/gcc/arm-none-eabi/4.6.2/../../../../arm-none-eabi/lib/armv7-m\libcr_c.a(__init_alloc.o)
                0x10002dcc                __heaps
                0x10002dd0                __end_of_heap
                0x10002dd4                . = ALIGN (0x4)
                0x10002dd4                _ebss = .
                0x10002dd4                PROVIDE (end, .)

.noinit_RAM2    0x2007c000        0x0
 *(.noinit.$RAM2*)
 *(.noinit.$RamAHB32*)
                0x2007c000                . = ALIGN (0x4)

.noinit         0x10002dd4        0x0
                0x10002dd4                _noinit = .
 *(.noinit*)
                0x10002dd4                . = ALIGN (0x4)
                0x10002dd4                _end_noinit = .
                0x10002dd4                PROVIDE (_pvHeapStart, .)
                0x10008000                PROVIDE (_vStackTop, (__top_RamLoc32 - 0x0))
OUTPUT(Example06.axf elf32-littlearm)

.debug_info     0x00000000     0x6c64
 .debug_info    0x00000000      0x5b4 ./Sensor.o
 .debug_info    0x000005b4      0x210 ./cr_startup_lpc17.o
 .debug_info    0x000007c4      0x522 ./main.o
 .debug_info    0x00000ce6      0x357 C:\Users\Saturnino\Documents\LPCXpresso_6.1.4_194\workspace\CMSISv1p30_LPC17xx\Debug\libCMSISv1p30_LPC17xx.a(system_LPC17xx.o)
 .debug_info    0x0000103d      0x220 C:\Users\Saturnino\Documents\LPCXpresso_6.1.4_194\workspace\FreeRTOS_Library\Debug\libFreeRTOS_Library.a(port.o)
 .debug_info    0x0000125d      0x814 C:\Users\Saturnino\Documents\LPCXpresso_6.1.4_194\workspace\FreeRTOS_Library\Debug\libFreeRTOS_Library.a(queue.o)
 .debug_info    0x00001a71      0xe7c C:\Users\Saturnino\Documents\LPCXpresso_6.1.4_194\workspace\FreeRTOS_Library\Debug\libFreeRTOS_Library.a(tasks.o)
 .debug_info    0x000028ed      0x2ef C:\Users\Saturnino\Documents\LPCXpresso_6.1.4_194\workspace\FreeRTOS_Library\Debug\libFreeRTOS_Library.a(heap_2.o)
 .debug_info    0x00002bdc      0x2c5 C:\Users\Saturnino\Documents\LPCXpresso_6.1.4_194\workspace\FreeRTOS_Library\Debug\libFreeRTOS_Library.a(list.o)
 .debug_info    0x00002ea1      0x763 C:\Users\Saturnino\Documents\LPCXpresso_6.1.4_194\workspace\Lib_EaBaseBoard\Debug\libLib_EaBaseBoard.a(light.o)
 .debug_info    0x00003604      0x97d C:\Users\Saturnino\Documents\LPCXpresso_6.1.4_194\workspace\Lib_EaBaseBoard\Debug\libLib_EaBaseBoard.a(oled.o)
 .debug_info    0x00003f81       0x65 C:\Users\Saturnino\Documents\LPCXpresso_6.1.4_194\workspace\Lib_EaBaseBoard\Debug\libLib_EaBaseBoard.a(font5x7.o)
 .debug_info    0x00003fe6      0xb95 C:\Users\Saturnino\Documents\LPCXpresso_6.1.4_194\workspace\Lib_MCU\Debug\libLib_MCU.a(lpc17xx_gpio.o)
 .debug_info    0x00004b7b      0xcc3 C:\Users\Saturnino\Documents\LPCXpresso_6.1.4_194\workspace\Lib_MCU\Debug\libLib_MCU.a(lpc17xx_i2c.o)
 .debug_info    0x0000583e       0xcd C:\Users\Saturnino\Documents\LPCXpresso_6.1.4_194\workspace\Lib_MCU\Debug\libLib_MCU.a(lpc17xx_libcfg_default.o)
 .debug_info    0x0000590b      0x4b1 C:\Users\Saturnino\Documents\LPCXpresso_6.1.4_194\workspace\Lib_MCU\Debug\libLib_MCU.a(lpc17xx_pinsel.o)
 .debug_info    0x00005dbc      0x867 C:\Users\Saturnino\Documents\LPCXpresso_6.1.4_194\workspace\Lib_MCU\Debug\libLib_MCU.a(lpc17xx_ssp.o)
 .debug_info    0x00006623      0x641 C:\Users\Saturnino\Documents\LPCXpresso_6.1.4_194\workspace\Lib_MCU\Debug\libLib_MCU.a(lpc17xx_clkpwr.o)

.debug_abbrev   0x00000000     0x19cb
 .debug_abbrev  0x00000000      0x1c9 ./Sensor.o
 .debug_abbrev  0x000001c9       0xb4 ./cr_startup_lpc17.o
 .debug_abbrev  0x0000027d      0x1e0 ./main.o
 .debug_abbrev  0x0000045d       0xce C:\Users\Saturnino\Documents\LPCXpresso_6.1.4_194\workspace\CMSISv1p30_LPC17xx\Debug\libCMSISv1p30_LPC17xx.a(system_LPC17xx.o)
 .debug_abbrev  0x0000052b      0x141 C:\Users\Saturnino\Documents\LPCXpresso_6.1.4_194\workspace\FreeRTOS_Library\Debug\libFreeRTOS_Library.a(port.o)
 .debug_abbrev  0x0000066c      0x1b3 C:\Users\Saturnino\Documents\LPCXpresso_6.1.4_194\workspace\FreeRTOS_Library\Debug\libFreeRTOS_Library.a(queue.o)
 .debug_abbrev  0x0000081f      0x2b1 C:\Users\Saturnino\Documents\LPCXpresso_6.1.4_194\workspace\FreeRTOS_Library\Debug\libFreeRTOS_Library.a(tasks.o)
 .debug_abbrev  0x00000ad0      0x19e C:\Users\Saturnino\Documents\LPCXpresso_6.1.4_194\workspace\FreeRTOS_Library\Debug\libFreeRTOS_Library.a(heap_2.o)
 .debug_abbrev  0x00000c6e       0xda C:\Users\Saturnino\Documents\LPCXpresso_6.1.4_194\workspace\FreeRTOS_Library\Debug\libFreeRTOS_Library.a(list.o)
 .debug_abbrev  0x00000d48      0x1bd C:\Users\Saturnino\Documents\LPCXpresso_6.1.4_194\workspace\Lib_EaBaseBoard\Debug\libLib_EaBaseBoard.a(light.o)
 .debug_abbrev  0x00000f05      0x1f1 C:\Users\Saturnino\Documents\LPCXpresso_6.1.4_194\workspace\Lib_EaBaseBoard\Debug\libLib_EaBaseBoard.a(oled.o)
 .debug_abbrev  0x000010f6       0x4b C:\Users\Saturnino\Documents\LPCXpresso_6.1.4_194\workspace\Lib_EaBaseBoard\Debug\libLib_EaBaseBoard.a(font5x7.o)
 .debug_abbrev  0x00001141      0x185 C:\Users\Saturnino\Documents\LPCXpresso_6.1.4_194\workspace\Lib_MCU\Debug\libLib_MCU.a(lpc17xx_gpio.o)
 .debug_abbrev  0x000012c6      0x24a C:\Users\Saturnino\Documents\LPCXpresso_6.1.4_194\workspace\Lib_MCU\Debug\libLib_MCU.a(lpc17xx_i2c.o)
 .debug_abbrev  0x00001510       0x6a C:\Users\Saturnino\Documents\LPCXpresso_6.1.4_194\workspace\Lib_MCU\Debug\libLib_MCU.a(lpc17xx_libcfg_default.o)
 .debug_abbrev  0x0000157a      0x10a C:\Users\Saturnino\Documents\LPCXpresso_6.1.4_194\workspace\Lib_MCU\Debug\libLib_MCU.a(lpc17xx_pinsel.o)
 .debug_abbrev  0x00001684      0x1d3 C:\Users\Saturnino\Documents\LPCXpresso_6.1.4_194\workspace\Lib_MCU\Debug\libLib_MCU.a(lpc17xx_ssp.o)
 .debug_abbrev  0x00001857      0x174 C:\Users\Saturnino\Documents\LPCXpresso_6.1.4_194\workspace\Lib_MCU\Debug\libLib_MCU.a(lpc17xx_clkpwr.o)

.debug_loc      0x00000000     0x3139
 .debug_loc     0x00000000      0x12c ./Sensor.o
 .debug_loc     0x0000012c      0x1f0 ./cr_startup_lpc17.o
 .debug_loc     0x0000031c      0x1d4 ./main.o
 .debug_loc     0x000004f0       0x58 C:\Users\Saturnino\Documents\LPCXpresso_6.1.4_194\workspace\CMSISv1p30_LPC17xx\Debug\libCMSISv1p30_LPC17xx.a(system_LPC17xx.o)
 .debug_loc     0x00000548       0x94 C:\Users\Saturnino\Documents\LPCXpresso_6.1.4_194\workspace\FreeRTOS_Library\Debug\libFreeRTOS_Library.a(port.o)
 .debug_loc     0x000005dc      0x68c C:\Users\Saturnino\Documents\LPCXpresso_6.1.4_194\workspace\FreeRTOS_Library\Debug\libFreeRTOS_Library.a(queue.o)
 .debug_loc     0x00000c68      0xa90 C:\Users\Saturnino\Documents\LPCXpresso_6.1.4_194\workspace\FreeRTOS_Library\Debug\libFreeRTOS_Library.a(tasks.o)
 .debug_loc     0x000016f8      0x201 C:\Users\Saturnino\Documents\LPCXpresso_6.1.4_194\workspace\FreeRTOS_Library\Debug\libFreeRTOS_Library.a(heap_2.o)
 .debug_loc     0x000018f9       0x4a C:\Users\Saturnino\Documents\LPCXpresso_6.1.4_194\workspace\FreeRTOS_Library\Debug\libFreeRTOS_Library.a(list.o)
 .debug_loc     0x00001943      0x378 C:\Users\Saturnino\Documents\LPCXpresso_6.1.4_194\workspace\Lib_EaBaseBoard\Debug\libLib_EaBaseBoard.a(light.o)
 .debug_loc     0x00001cbb      0x33e C:\Users\Saturnino\Documents\LPCXpresso_6.1.4_194\workspace\Lib_EaBaseBoard\Debug\libLib_EaBaseBoard.a(oled.o)
 .debug_loc     0x00001ff9      0x4d0 C:\Users\Saturnino\Documents\LPCXpresso_6.1.4_194\workspace\Lib_MCU\Debug\libLib_MCU.a(lpc17xx_gpio.o)
 .debug_loc     0x000024c9      0x4e4 C:\Users\Saturnino\Documents\LPCXpresso_6.1.4_194\workspace\Lib_MCU\Debug\libLib_MCU.a(lpc17xx_i2c.o)
 .debug_loc     0x000029ad       0x38 C:\Users\Saturnino\Documents\LPCXpresso_6.1.4_194\workspace\Lib_MCU\Debug\libLib_MCU.a(lpc17xx_libcfg_default.o)
 .debug_loc     0x000029e5      0x150 C:\Users\Saturnino\Documents\LPCXpresso_6.1.4_194\workspace\Lib_MCU\Debug\libLib_MCU.a(lpc17xx_pinsel.o)
 .debug_loc     0x00002b35      0x448 C:\Users\Saturnino\Documents\LPCXpresso_6.1.4_194\workspace\Lib_MCU\Debug\libLib_MCU.a(lpc17xx_ssp.o)
 .debug_loc     0x00002f7d      0x1bc C:\Users\Saturnino\Documents\LPCXpresso_6.1.4_194\workspace\Lib_MCU\Debug\libLib_MCU.a(lpc17xx_clkpwr.o)

.debug_aranges  0x00000000      0x620
 .debug_aranges
                0x00000000       0x48 ./Sensor.o
 .debug_aranges
                0x00000048       0x70 ./cr_startup_lpc17.o
 .debug_aranges
                0x000000b8       0x60 ./main.o
 .debug_aranges
                0x00000118       0x28 C:\Users\Saturnino\Documents\LPCXpresso_6.1.4_194\workspace\CMSISv1p30_LPC17xx\Debug\libCMSISv1p30_LPC17xx.a(system_LPC17xx.o)
 .debug_aranges
                0x00000140       0x20 C:\Users\Saturnino\Documents\LPCXpresso_6.1.4_194\workspace\FreeRTOS_Library\Debug\libFreeRTOS_Library.a(port.o)
 .debug_aranges
                0x00000160       0x20 C:\Users\Saturnino\Documents\LPCXpresso_6.1.4_194\workspace\FreeRTOS_Library\Debug\libFreeRTOS_Library.a(queue.o)
 .debug_aranges
                0x00000180       0x20 C:\Users\Saturnino\Documents\LPCXpresso_6.1.4_194\workspace\FreeRTOS_Library\Debug\libFreeRTOS_Library.a(tasks.o)
 .debug_aranges
                0x000001a0       0x20 C:\Users\Saturnino\Documents\LPCXpresso_6.1.4_194\workspace\FreeRTOS_Library\Debug\libFreeRTOS_Library.a(heap_2.o)
 .debug_aranges
                0x000001c0       0x20 C:\Users\Saturnino\Documents\LPCXpresso_6.1.4_194\workspace\FreeRTOS_Library\Debug\libFreeRTOS_Library.a(list.o)
 .debug_aranges
                0x000001e0       0x98 C:\Users\Saturnino\Documents\LPCXpresso_6.1.4_194\workspace\Lib_EaBaseBoard\Debug\libLib_EaBaseBoard.a(light.o)
 .debug_aranges
                0x00000278       0x90 C:\Users\Saturnino\Documents\LPCXpresso_6.1.4_194\workspace\Lib_EaBaseBoard\Debug\libLib_EaBaseBoard.a(oled.o)
 .debug_aranges
                0x00000308       0xc8 C:\Users\Saturnino\Documents\LPCXpresso_6.1.4_194\workspace\Lib_MCU\Debug\libLib_MCU.a(lpc17xx_gpio.o)
 .debug_aranges
                0x000003d0       0xd0 C:\Users\Saturnino\Documents\LPCXpresso_6.1.4_194\workspace\Lib_MCU\Debug\libLib_MCU.a(lpc17xx_i2c.o)
 .debug_aranges
                0x000004a0       0x20 C:\Users\Saturnino\Documents\LPCXpresso_6.1.4_194\workspace\Lib_MCU\Debug\libLib_MCU.a(lpc17xx_libcfg_default.o)
 .debug_aranges
                0x000004c0       0x48 C:\Users\Saturnino\Documents\LPCXpresso_6.1.4_194\workspace\Lib_MCU\Debug\libLib_MCU.a(lpc17xx_pinsel.o)
 .debug_aranges
                0x00000508       0xb8 C:\Users\Saturnino\Documents\LPCXpresso_6.1.4_194\workspace\Lib_MCU\Debug\libLib_MCU.a(lpc17xx_ssp.o)
 .debug_aranges
                0x000005c0       0x60 C:\Users\Saturnino\Documents\LPCXpresso_6.1.4_194\workspace\Lib_MCU\Debug\libLib_MCU.a(lpc17xx_clkpwr.o)

.debug_ranges   0x00000000      0x550
 .debug_ranges  0x00000000       0x38 ./Sensor.o
 .debug_ranges  0x00000038       0x60 ./cr_startup_lpc17.o
 .debug_ranges  0x00000098       0x68 ./main.o
 .debug_ranges  0x00000100       0x18 C:\Users\Saturnino\Documents\LPCXpresso_6.1.4_194\workspace\CMSISv1p30_LPC17xx\Debug\libCMSISv1p30_LPC17xx.a(system_LPC17xx.o)
 .debug_ranges  0x00000118       0x78 C:\Users\Saturnino\Documents\LPCXpresso_6.1.4_194\workspace\FreeRTOS_Library\Debug\libFreeRTOS_Library.a(tasks.o)
 .debug_ranges  0x00000190       0x88 C:\Users\Saturnino\Documents\LPCXpresso_6.1.4_194\workspace\Lib_EaBaseBoard\Debug\libLib_EaBaseBoard.a(light.o)
 .debug_ranges  0x00000218       0x80 C:\Users\Saturnino\Documents\LPCXpresso_6.1.4_194\workspace\Lib_EaBaseBoard\Debug\libLib_EaBaseBoard.a(oled.o)
 .debug_ranges  0x00000298       0xb8 C:\Users\Saturnino\Documents\LPCXpresso_6.1.4_194\workspace\Lib_MCU\Debug\libLib_MCU.a(lpc17xx_gpio.o)
 .debug_ranges  0x00000350       0xc0 C:\Users\Saturnino\Documents\LPCXpresso_6.1.4_194\workspace\Lib_MCU\Debug\libLib_MCU.a(lpc17xx_i2c.o)
 .debug_ranges  0x00000410       0x10 C:\Users\Saturnino\Documents\LPCXpresso_6.1.4_194\workspace\Lib_MCU\Debug\libLib_MCU.a(lpc17xx_libcfg_default.o)
 .debug_ranges  0x00000420       0x38 C:\Users\Saturnino\Documents\LPCXpresso_6.1.4_194\workspace\Lib_MCU\Debug\libLib_MCU.a(lpc17xx_pinsel.o)
 .debug_ranges  0x00000458       0xa8 C:\Users\Saturnino\Documents\LPCXpresso_6.1.4_194\workspace\Lib_MCU\Debug\libLib_MCU.a(lpc17xx_ssp.o)
 .debug_ranges  0x00000500       0x50 C:\Users\Saturnino\Documents\LPCXpresso_6.1.4_194\workspace\Lib_MCU\Debug\libLib_MCU.a(lpc17xx_clkpwr.o)

.debug_line     0x00000000     0x642e
 .debug_line    0x00000000      0x4d7 ./Sensor.o
 .debug_line    0x000004d7      0x45d ./cr_startup_lpc17.o
 .debug_line    0x00000934      0x745 ./main.o
 .debug_line    0x00001079      0x416 C:\Users\Saturnino\Documents\LPCXpresso_6.1.4_194\workspace\CMSISv1p30_LPC17xx\Debug\libCMSISv1p30_LPC17xx.a(system_LPC17xx.o)
 .debug_line    0x0000148f      0x504 C:\Users\Saturnino\Documents\LPCXpresso_6.1.4_194\workspace\FreeRTOS_Library\Debug\libFreeRTOS_Library.a(port.o)
 .debug_line    0x00001993      0x618 C:\Users\Saturnino\Documents\LPCXpresso_6.1.4_194\workspace\FreeRTOS_Library\Debug\libFreeRTOS_Library.a(queue.o)
 .debug_line    0x00001fab      0x820 C:\Users\Saturnino\Documents\LPCXpresso_6.1.4_194\workspace\FreeRTOS_Library\Debug\libFreeRTOS_Library.a(tasks.o)
 .debug_line    0x000027cb      0x53e C:\Users\Saturnino\Documents\LPCXpresso_6.1.4_194\workspace\FreeRTOS_Library\Debug\libFreeRTOS_Library.a(heap_2.o)
 .debug_line    0x00002d09      0x504 C:\Users\Saturnino\Documents\LPCXpresso_6.1.4_194\workspace\FreeRTOS_Library\Debug\libFreeRTOS_Library.a(list.o)
 .debug_line    0x0000320d      0x5bb C:\Users\Saturnino\Documents\LPCXpresso_6.1.4_194\workspace\Lib_EaBaseBoard\Debug\libLib_EaBaseBoard.a(light.o)
 .debug_line    0x000037c8      0x794 C:\Users\Saturnino\Documents\LPCXpresso_6.1.4_194\workspace\Lib_EaBaseBoard\Debug\libLib_EaBaseBoard.a(oled.o)
 .debug_line    0x00003f5c       0x91 C:\Users\Saturnino\Documents\LPCXpresso_6.1.4_194\workspace\Lib_EaBaseBoard\Debug\libLib_EaBaseBoard.a(font5x7.o)
 .debug_line    0x00003fed      0x5fc C:\Users\Saturnino\Documents\LPCXpresso_6.1.4_194\workspace\Lib_MCU\Debug\libLib_MCU.a(lpc17xx_gpio.o)
 .debug_line    0x000045e9      0x917 C:\Users\Saturnino\Documents\LPCXpresso_6.1.4_194\workspace\Lib_MCU\Debug\libLib_MCU.a(lpc17xx_i2c.o)
 .debug_line    0x00004f00      0x38d C:\Users\Saturnino\Documents\LPCXpresso_6.1.4_194\workspace\Lib_MCU\Debug\libLib_MCU.a(lpc17xx_libcfg_default.o)
 .debug_line    0x0000528d      0x47b C:\Users\Saturnino\Documents\LPCXpresso_6.1.4_194\workspace\Lib_MCU\Debug\libLib_MCU.a(lpc17xx_pinsel.o)
 .debug_line    0x00005708      0x84a C:\Users\Saturnino\Documents\LPCXpresso_6.1.4_194\workspace\Lib_MCU\Debug\libLib_MCU.a(lpc17xx_ssp.o)
 .debug_line    0x00005f52      0x4dc C:\Users\Saturnino\Documents\LPCXpresso_6.1.4_194\workspace\Lib_MCU\Debug\libLib_MCU.a(lpc17xx_clkpwr.o)

.debug_macinfo  0x00000000    0x9d12d
 .debug_macinfo
                0x00000000     0x8a81 ./Sensor.o
 .debug_macinfo
                0x00008a81     0x3d1a ./cr_startup_lpc17.o
 .debug_macinfo
                0x0000c79b     0xcd74 ./main.o
 .debug_macinfo
                0x0001950f     0x83f8 C:\Users\Saturnino\Documents\LPCXpresso_6.1.4_194\workspace\CMSISv1p30_LPC17xx\Debug\libCMSISv1p30_LPC17xx.a(system_LPC17xx.o)
 .debug_macinfo
                0x00021907     0x9de1 C:\Users\Saturnino\Documents\LPCXpresso_6.1.4_194\workspace\FreeRTOS_Library\Debug\libFreeRTOS_Library.a(port.o)
 .debug_macinfo
                0x0002b6e8     0xa4c3 C:\Users\Saturnino\Documents\LPCXpresso_6.1.4_194\workspace\FreeRTOS_Library\Debug\libFreeRTOS_Library.a(queue.o)
 .debug_macinfo
                0x00035bab     0xa761 C:\Users\Saturnino\Documents\LPCXpresso_6.1.4_194\workspace\FreeRTOS_Library\Debug\libFreeRTOS_Library.a(tasks.o)
 .debug_macinfo
                0x0004030c     0x9f77 C:\Users\Saturnino\Documents\LPCXpresso_6.1.4_194\workspace\FreeRTOS_Library\Debug\libFreeRTOS_Library.a(heap_2.o)
 .debug_macinfo
                0x0004a283     0x98ca C:\Users\Saturnino\Documents\LPCXpresso_6.1.4_194\workspace\FreeRTOS_Library\Debug\libFreeRTOS_Library.a(list.o)
 .debug_macinfo
                0x00053b4d     0x8e3a C:\Users\Saturnino\Documents\LPCXpresso_6.1.4_194\workspace\Lib_EaBaseBoard\Debug\libLib_EaBaseBoard.a(light.o)
 .debug_macinfo
                0x0005c987     0xa143 C:\Users\Saturnino\Documents\LPCXpresso_6.1.4_194\workspace\Lib_EaBaseBoard\Debug\libLib_EaBaseBoard.a(oled.o)
 .debug_macinfo
                0x00066aca     0x332a C:\Users\Saturnino\Documents\LPCXpresso_6.1.4_194\workspace\Lib_EaBaseBoard\Debug\libLib_EaBaseBoard.a(font5x7.o)
 .debug_macinfo
                0x00069df4     0x86b8 C:\Users\Saturnino\Documents\LPCXpresso_6.1.4_194\workspace\Lib_MCU\Debug\libLib_MCU.a(lpc17xx_gpio.o)
 .debug_macinfo
                0x000724ac     0xa5d8 C:\Users\Saturnino\Documents\LPCXpresso_6.1.4_194\workspace\Lib_MCU\Debug\libLib_MCU.a(lpc17xx_i2c.o)
 .debug_macinfo
                0x0007ca84     0x400d C:\Users\Saturnino\Documents\LPCXpresso_6.1.4_194\workspace\Lib_MCU\Debug\libLib_MCU.a(lpc17xx_libcfg_default.o)
 .debug_macinfo
                0x00080a91     0x87d3 C:\Users\Saturnino\Documents\LPCXpresso_6.1.4_194\workspace\Lib_MCU\Debug\libLib_MCU.a(lpc17xx_pinsel.o)
 .debug_macinfo
                0x00089264     0xa8d0 C:\Users\Saturnino\Documents\LPCXpresso_6.1.4_194\workspace\Lib_MCU\Debug\libLib_MCU.a(lpc17xx_ssp.o)
 .debug_macinfo
                0x00093b34     0x95f9 C:\Users\Saturnino\Documents\LPCXpresso_6.1.4_194\workspace\Lib_MCU\Debug\libLib_MCU.a(lpc17xx_clkpwr.o)

.debug_str      0x00000000     0x27e8
 .debug_str     0x00000000      0x4d1 ./Sensor.o
                                0x508 (size before relaxing)
 .debug_str     0x000004d1       0xee ./cr_startup_lpc17.o
                                0x214 (size before relaxing)
 .debug_str     0x000005bf      0x194 ./main.o
                                0x342 (size before relaxing)
 .debug_str     0x00000753      0x19d C:\Users\Saturnino\Documents\LPCXpresso_6.1.4_194\workspace\CMSISv1p30_LPC17xx\Debug\libCMSISv1p30_LPC17xx.a(system_LPC17xx.o)
                                0x2a7 (size before relaxing)
 .debug_str     0x000008f0      0x1a0 C:\Users\Saturnino\Documents\LPCXpresso_6.1.4_194\workspace\FreeRTOS_Library\Debug\libFreeRTOS_Library.a(port.o)
                                0x281 (size before relaxing)
 .debug_str     0x00000a90      0x3ca C:\Users\Saturnino\Documents\LPCXpresso_6.1.4_194\workspace\FreeRTOS_Library\Debug\libFreeRTOS_Library.a(queue.o)
                                0x53c (size before relaxing)
 .debug_str     0x00000e5a      0x616 C:\Users\Saturnino\Documents\LPCXpresso_6.1.4_194\workspace\FreeRTOS_Library\Debug\libFreeRTOS_Library.a(tasks.o)
                                0x8d5 (size before relaxing)
 .debug_str     0x00001470      0x150 C:\Users\Saturnino\Documents\LPCXpresso_6.1.4_194\workspace\FreeRTOS_Library\Debug\libFreeRTOS_Library.a(heap_2.o)
                                0x2a8 (size before relaxing)
 .debug_str     0x000015c0       0x92 C:\Users\Saturnino\Documents\LPCXpresso_6.1.4_194\workspace\FreeRTOS_Library\Debug\libFreeRTOS_Library.a(list.o)
                                0x26f (size before relaxing)
 .debug_str     0x00001652      0x38f C:\Users\Saturnino\Documents\LPCXpresso_6.1.4_194\workspace\Lib_EaBaseBoard\Debug\libLib_EaBaseBoard.a(light.o)
                                0x50c (size before relaxing)
 .debug_str     0x000019e1      0x20b C:\Users\Saturnino\Documents\LPCXpresso_6.1.4_194\workspace\Lib_EaBaseBoard\Debug\libLib_EaBaseBoard.a(oled.o)
                                0x3c4 (size before relaxing)
 .debug_str     0x00001bec       0x11 C:\Users\Saturnino\Documents\LPCXpresso_6.1.4_194\workspace\Lib_EaBaseBoard\Debug\libLib_EaBaseBoard.a(font5x7.o)
                                 0xcf (size before relaxing)
 .debug_str     0x00001bfd      0x388 C:\Users\Saturnino\Documents\LPCXpresso_6.1.4_194\workspace\Lib_MCU\Debug\libLib_MCU.a(lpc17xx_gpio.o)
                                0x480 (size before relaxing)
 .debug_str     0x00001f85      0x2f3 C:\Users\Saturnino\Documents\LPCXpresso_6.1.4_194\workspace\Lib_MCU\Debug\libLib_MCU.a(lpc17xx_i2c.o)
                                0x816 (size before relaxing)
 .debug_str     0x00002278       0x32 C:\Users\Saturnino\Documents\LPCXpresso_6.1.4_194\workspace\Lib_MCU\Debug\libLib_MCU.a(lpc17xx_libcfg_default.o)
                                0x159 (size before relaxing)
 .debug_str     0x000022aa      0x214 C:\Users\Saturnino\Documents\LPCXpresso_6.1.4_194\workspace\Lib_MCU\Debug\libLib_MCU.a(lpc17xx_pinsel.o)
                                0x3b5 (size before relaxing)
 .debug_str     0x000024be      0x211 C:\Users\Saturnino\Documents\LPCXpresso_6.1.4_194\workspace\Lib_MCU\Debug\libLib_MCU.a(lpc17xx_ssp.o)
                                0x493 (size before relaxing)
 .debug_str     0x000026cf      0x119 C:\Users\Saturnino\Documents\LPCXpresso_6.1.4_194\workspace\Lib_MCU\Debug\libLib_MCU.a(lpc17xx_clkpwr.o)
                                0x3b1 (size before relaxing)

.comment        0x00000000       0xe0
 .comment       0x00000000       0x70 ./Sensor.o
                                 0x71 (size before relaxing)
 .comment       0x00000000       0x71 ./cr_startup_lpc17.o
 .comment       0x00000000       0x71 ./main.o
 .comment       0x00000000       0x71 C:\Users\Saturnino\Documents\LPCXpresso_6.1.4_194\workspace\CMSISv1p30_LPC17xx\Debug\libCMSISv1p30_LPC17xx.a(system_LPC17xx.o)
 .comment       0x00000000       0x71 C:\Users\Saturnino\Documents\LPCXpresso_6.1.4_194\workspace\FreeRTOS_Library\Debug\libFreeRTOS_Library.a(port.o)
 .comment       0x00000000       0x71 C:\Users\Saturnino\Documents\LPCXpresso_6.1.4_194\workspace\FreeRTOS_Library\Debug\libFreeRTOS_Library.a(queue.o)
 .comment       0x00000000       0x71 C:\Users\Saturnino\Documents\LPCXpresso_6.1.4_194\workspace\FreeRTOS_Library\Debug\libFreeRTOS_Library.a(tasks.o)
 .comment       0x00000000       0x71 C:\Users\Saturnino\Documents\LPCXpresso_6.1.4_194\workspace\FreeRTOS_Library\Debug\libFreeRTOS_Library.a(heap_2.o)
 .comment       0x00000000       0x71 C:\Users\Saturnino\Documents\LPCXpresso_6.1.4_194\workspace\FreeRTOS_Library\Debug\libFreeRTOS_Library.a(list.o)
 .comment       0x00000000       0x71 C:\Users\Saturnino\Documents\LPCXpresso_6.1.4_194\workspace\Lib_EaBaseBoard\Debug\libLib_EaBaseBoard.a(light.o)
 .comment       0x00000000       0x71 C:\Users\Saturnino\Documents\LPCXpresso_6.1.4_194\workspace\Lib_EaBaseBoard\Debug\libLib_EaBaseBoard.a(oled.o)
 .comment       0x00000000       0x71 C:\Users\Saturnino\Documents\LPCXpresso_6.1.4_194\workspace\Lib_EaBaseBoard\Debug\libLib_EaBaseBoard.a(font5x7.o)
 .comment       0x00000000       0x71 C:\Users\Saturnino\Documents\LPCXpresso_6.1.4_194\workspace\Lib_MCU\Debug\libLib_MCU.a(lpc17xx_gpio.o)
 .comment       0x00000000       0x71 C:\Users\Saturnino\Documents\LPCXpresso_6.1.4_194\workspace\Lib_MCU\Debug\libLib_MCU.a(lpc17xx_i2c.o)
 .comment       0x00000000       0x71 C:\Users\Saturnino\Documents\LPCXpresso_6.1.4_194\workspace\Lib_MCU\Debug\libLib_MCU.a(lpc17xx_libcfg_default.o)
 .comment       0x00000000       0x71 C:\Users\Saturnino\Documents\LPCXpresso_6.1.4_194\workspace\Lib_MCU\Debug\libLib_MCU.a(lpc17xx_pinsel.o)
 .comment       0x00000000       0x71 C:\Users\Saturnino\Documents\LPCXpresso_6.1.4_194\workspace\Lib_MCU\Debug\libLib_MCU.a(lpc17xx_ssp.o)
 .comment       0x00000000       0x71 C:\Users\Saturnino\Documents\LPCXpresso_6.1.4_194\workspace\Lib_MCU\Debug\libLib_MCU.a(lpc17xx_clkpwr.o)
 .comment       0x00000070       0x70 c:/nxp/lpcxpresso_6.1.4_194/lpcxpresso/tools/bin/../lib/gcc/arm-none-eabi/4.6.2/../../../../arm-none-eabi/lib/armv7-m\libcr_semihost.a(_cr__main.o)
                                 0x71 (size before relaxing)
 .comment       0x00000000       0x71 c:/nxp/lpcxpresso_6.1.4_194/lpcxpresso/tools/bin/../lib/gcc/arm-none-eabi/4.6.2/../../../../arm-none-eabi/lib/armv7-m\libcr_c.a(memcpy.o)
 .comment       0x00000000       0x71 c:/nxp/lpcxpresso_6.1.4_194/lpcxpresso/tools/bin/../lib/gcc/arm-none-eabi/4.6.2/../../../../arm-none-eabi/lib/armv7-m\libcr_c.a(memset.o)
 .comment       0x00000000       0x71 c:/nxp/lpcxpresso_6.1.4_194/lpcxpresso/tools/bin/../lib/gcc/arm-none-eabi/4.6.2/../../../../arm-none-eabi/lib/armv7-m\libcr_c.a(fpprintf.o)
 .comment       0x00000000       0x71 c:/nxp/lpcxpresso_6.1.4_194/lpcxpresso/tools/bin/../lib/gcc/arm-none-eabi/4.6.2/../../../../arm-none-eabi/lib/armv7-m\libcr_c.a(initio.o)
 .comment       0x00000000       0x71 c:/nxp/lpcxpresso_6.1.4_194/lpcxpresso/tools/bin/../lib/gcc/arm-none-eabi/4.6.2/../../../../arm-none-eabi/lib/armv7-m\libcr_c.a(memcmp.o)
 .comment       0x00000000       0x71 c:/nxp/lpcxpresso_6.1.4_194/lpcxpresso/tools/bin/../lib/gcc/arm-none-eabi/4.6.2/../../../../arm-none-eabi/lib/armv7-m\libcr_c.a(printf.o)
 .comment       0x00000000       0x71 c:/nxp/lpcxpresso_6.1.4_194/lpcxpresso/tools/bin/../lib/gcc/arm-none-eabi/4.6.2/../../../../arm-none-eabi/lib/armv7-m\libcr_c.a(puts.o)
 .comment       0x00000000       0x71 c:/nxp/lpcxpresso_6.1.4_194/lpcxpresso/tools/bin/../lib/gcc/arm-none-eabi/4.6.2/../../../../arm-none-eabi/lib/armv7-m\libcr_c.a(setvbuf.o)
 .comment       0x00000000       0x71 c:/nxp/lpcxpresso_6.1.4_194/lpcxpresso/tools/bin/../lib/gcc/arm-none-eabi/4.6.2/../../../../arm-none-eabi/lib/armv7-m\libcr_c.a(stdio.o)
 .comment       0x00000000       0x71 c:/nxp/lpcxpresso_6.1.4_194/lpcxpresso/tools/bin/../lib/gcc/arm-none-eabi/4.6.2/../../../../arm-none-eabi/lib/armv7-m\libcr_c.a(strlen.o)
 .comment       0x00000000       0x71 c:/nxp/lpcxpresso_6.1.4_194/lpcxpresso/tools/bin/../lib/gcc/arm-none-eabi/4.6.2/../../../../arm-none-eabi/lib/armv7-m\libcr_c.a(strncpy.o)
 .comment       0x00000000       0x71 c:/nxp/lpcxpresso_6.1.4_194/lpcxpresso/tools/bin/../lib/gcc/arm-none-eabi/4.6.2/../../../../arm-none-eabi/lib/armv7-m\libcr_c.a(__fillbuf.o)
 .comment       0x00000000       0x71 c:/nxp/lpcxpresso_6.1.4_194/lpcxpresso/tools/bin/../lib/gcc/arm-none-eabi/4.6.2/../../../../arm-none-eabi/lib/armv7-m\libcr_c.a(_deferredlazyseek.o)
 .comment       0x00000000       0x71 c:/nxp/lpcxpresso_6.1.4_194/lpcxpresso/tools/bin/../lib/gcc/arm-none-eabi/4.6.2/../../../../arm-none-eabi/lib/armv7-m\libcr_c.a(_fdopen.o)
 .comment       0x00000000       0x71 c:/nxp/lpcxpresso_6.1.4_194/lpcxpresso/tools/bin/../lib/gcc/arm-none-eabi/4.6.2/../../../../arm-none-eabi/lib/armv7-m\libcr_c.a(_fflush.o)
 .comment       0x00000000       0x71 c:/nxp/lpcxpresso_6.1.4_194/lpcxpresso/tools/bin/../lib/gcc/arm-none-eabi/4.6.2/../../../../arm-none-eabi/lib/armv7-m\libcr_c.a(_frexpl.o)
 .comment       0x00000000       0x71 c:/nxp/lpcxpresso_6.1.4_194/lpcxpresso/tools/bin/../lib/gcc/arm-none-eabi/4.6.2/../../../../arm-none-eabi/lib/armv7-m\libcr_c.a(_ldexpl.o)
 .comment       0x00000000       0x71 c:/nxp/lpcxpresso_6.1.4_194/lpcxpresso/tools/bin/../lib/gcc/arm-none-eabi/4.6.2/../../../../arm-none-eabi/lib/armv7-m\libcr_c.a(_writebuf.o)
 .comment       0x00000000       0x71 c:/nxp/lpcxpresso_6.1.4_194/lpcxpresso/tools/bin/../lib/gcc/arm-none-eabi/4.6.2/../../../../arm-none-eabi/lib/armv7-m\libcr_c.a(alloc.o)
 .comment       0x00000000       0x71 c:/nxp/lpcxpresso_6.1.4_194/lpcxpresso/tools/bin/../lib/gcc/arm-none-eabi/4.6.2/../../../../arm-none-eabi/lib/armv7-m\libcr_c.a(errno.o)
 .comment       0x00000000       0x71 c:/nxp/lpcxpresso_6.1.4_194/lpcxpresso/tools/bin/../lib/gcc/arm-none-eabi/4.6.2/../../../../arm-none-eabi/lib/armv7-m\libcr_c.a(fclose.o)
 .comment       0x00000000       0x71 c:/nxp/lpcxpresso_6.1.4_194/lpcxpresso/tools/bin/../lib/gcc/arm-none-eabi/4.6.2/../../../../arm-none-eabi/lib/armv7-m\libcr_c.a(fflush.o)
 .comment       0x00000000       0x71 c:/nxp/lpcxpresso_6.1.4_194/lpcxpresso/tools/bin/../lib/gcc/arm-none-eabi/4.6.2/../../../../arm-none-eabi/lib/armv7-m\libcr_c.a(fseek.o)
 .comment       0x00000000       0x71 c:/nxp/lpcxpresso_6.1.4_194/lpcxpresso/tools/bin/../lib/gcc/arm-none-eabi/4.6.2/../../../../arm-none-eabi/lib/armv7-m\libcr_c.a(ftell.o)
 .comment       0x00000000       0x71 c:/nxp/lpcxpresso_6.1.4_194/lpcxpresso/tools/bin/../lib/gcc/arm-none-eabi/4.6.2/../../../../arm-none-eabi/lib/armv7-m\libcr_c.a(remove.o)
 .comment       0x00000000       0x71 c:/nxp/lpcxpresso_6.1.4_194/lpcxpresso/tools/bin/../lib/gcc/arm-none-eabi/4.6.2/../../../../arm-none-eabi/lib/armv7-m\libcr_c.a(__init_alloc.o)
 .comment       0x00000000       0x71 c:/nxp/lpcxpresso_6.1.4_194/lpcxpresso/tools/bin/../lib/gcc/arm-none-eabi/4.6.2/../../../../arm-none-eabi/lib/armv7-m\libcr_c.a(_do_fflush.o)
 .comment       0x00000000       0x71 c:/nxp/lpcxpresso_6.1.4_194/lpcxpresso/tools/bin/../lib/gcc/arm-none-eabi/4.6.2/../../../../arm-none-eabi/lib/armv7-m\libcr_c.a(_hugeval.o)
 .comment       0x00000000       0x71 c:/nxp/lpcxpresso_6.1.4_194/lpcxpresso/tools/bin/../lib/gcc/arm-none-eabi/4.6.2/armv7-m\libcr_eabihelpers.a(double.o)
 .comment       0x00000000       0x71 c:/nxp/lpcxpresso_6.1.4_194/lpcxpresso/tools/bin/../lib/gcc/arm-none-eabi/4.6.2/../../../../arm-none-eabi/lib/armv7-m\libcr_semihost.a(_cr_sbrk.o)
 .comment       0x00000000       0x71 c:/nxp/lpcxpresso_6.1.4_194/lpcxpresso/tools/bin/../lib/gcc/arm-none-eabi/4.6.2/../../../../arm-none-eabi/lib/armv7-m\libcr_semihost.a(_cr_check_heap.o)

.ARM.attributes
                0x00000000       0x31
 .ARM.attributes
                0x00000000       0x33 ./Sensor.o
 .ARM.attributes
                0x00000033       0x33 ./cr_startup_lpc17.o
 .ARM.attributes
                0x00000066       0x33 ./main.o
 .ARM.attributes
                0x00000099       0x33 C:\Users\Saturnino\Documents\LPCXpresso_6.1.4_194\workspace\CMSISv1p30_LPC17xx\Debug\libCMSISv1p30_LPC17xx.a(system_LPC17xx.o)
 .ARM.attributes
                0x000000cc       0x33 C:\Users\Saturnino\Documents\LPCXpresso_6.1.4_194\workspace\FreeRTOS_Library\Debug\libFreeRTOS_Library.a(port.o)
 .ARM.attributes
                0x000000ff       0x33 C:\Users\Saturnino\Documents\LPCXpresso_6.1.4_194\workspace\FreeRTOS_Library\Debug\libFreeRTOS_Library.a(queue.o)
 .ARM.attributes
                0x00000132       0x33 C:\Users\Saturnino\Documents\LPCXpresso_6.1.4_194\workspace\FreeRTOS_Library\Debug\libFreeRTOS_Library.a(tasks.o)
 .ARM.attributes
                0x00000165       0x33 C:\Users\Saturnino\Documents\LPCXpresso_6.1.4_194\workspace\FreeRTOS_Library\Debug\libFreeRTOS_Library.a(heap_2.o)
 .ARM.attributes
                0x00000198       0x33 C:\Users\Saturnino\Documents\LPCXpresso_6.1.4_194\workspace\FreeRTOS_Library\Debug\libFreeRTOS_Library.a(list.o)
 .ARM.attributes
                0x000001cb       0x33 C:\Users\Saturnino\Documents\LPCXpresso_6.1.4_194\workspace\Lib_EaBaseBoard\Debug\libLib_EaBaseBoard.a(light.o)
 .ARM.attributes
                0x000001fe       0x33 C:\Users\Saturnino\Documents\LPCXpresso_6.1.4_194\workspace\Lib_EaBaseBoard\Debug\libLib_EaBaseBoard.a(oled.o)
 .ARM.attributes
                0x00000231       0x33 C:\Users\Saturnino\Documents\LPCXpresso_6.1.4_194\workspace\Lib_EaBaseBoard\Debug\libLib_EaBaseBoard.a(font5x7.o)
 .ARM.attributes
                0x00000264       0x33 C:\Users\Saturnino\Documents\LPCXpresso_6.1.4_194\workspace\Lib_MCU\Debug\libLib_MCU.a(lpc17xx_gpio.o)
 .ARM.attributes
                0x00000297       0x33 C:\Users\Saturnino\Documents\LPCXpresso_6.1.4_194\workspace\Lib_MCU\Debug\libLib_MCU.a(lpc17xx_i2c.o)
 .ARM.attributes
                0x000002ca       0x33 C:\Users\Saturnino\Documents\LPCXpresso_6.1.4_194\workspace\Lib_MCU\Debug\libLib_MCU.a(lpc17xx_libcfg_default.o)
 .ARM.attributes
                0x000002fd       0x33 C:\Users\Saturnino\Documents\LPCXpresso_6.1.4_194\workspace\Lib_MCU\Debug\libLib_MCU.a(lpc17xx_pinsel.o)
 .ARM.attributes
                0x00000330       0x33 C:\Users\Saturnino\Documents\LPCXpresso_6.1.4_194\workspace\Lib_MCU\Debug\libLib_MCU.a(lpc17xx_ssp.o)
 .ARM.attributes
                0x00000363       0x33 C:\Users\Saturnino\Documents\LPCXpresso_6.1.4_194\workspace\Lib_MCU\Debug\libLib_MCU.a(lpc17xx_clkpwr.o)
 .ARM.attributes
                0x00000396       0x33 c:/nxp/lpcxpresso_6.1.4_194/lpcxpresso/tools/bin/../lib/gcc/arm-none-eabi/4.6.2/../../../../arm-none-eabi/lib/armv7-m\libcr_semihost.a(_cr__main.o)
 .ARM.attributes
                0x000003c9       0x33 c:/nxp/lpcxpresso_6.1.4_194/lpcxpresso/tools/bin/../lib/gcc/arm-none-eabi/4.6.2/../../../../arm-none-eabi/lib/armv7-m\libcr_c.a(memcpy.o)
 .ARM.attributes
                0x000003fc       0x33 c:/nxp/lpcxpresso_6.1.4_194/lpcxpresso/tools/bin/../lib/gcc/arm-none-eabi/4.6.2/../../../../arm-none-eabi/lib/armv7-m\libcr_c.a(memset.o)
 .ARM.attributes
                0x0000042f       0x33 c:/nxp/lpcxpresso_6.1.4_194/lpcxpresso/tools/bin/../lib/gcc/arm-none-eabi/4.6.2/../../../../arm-none-eabi/lib/armv7-m\libcr_c.a(fpprintf.o)
 .ARM.attributes
                0x00000462       0x33 c:/nxp/lpcxpresso_6.1.4_194/lpcxpresso/tools/bin/../lib/gcc/arm-none-eabi/4.6.2/../../../../arm-none-eabi/lib/armv7-m\libcr_c.a(initio.o)
 .ARM.attributes
                0x00000495       0x33 c:/nxp/lpcxpresso_6.1.4_194/lpcxpresso/tools/bin/../lib/gcc/arm-none-eabi/4.6.2/../../../../arm-none-eabi/lib/armv7-m\libcr_c.a(memcmp.o)
 .ARM.attributes
                0x000004c8       0x33 c:/nxp/lpcxpresso_6.1.4_194/lpcxpresso/tools/bin/../lib/gcc/arm-none-eabi/4.6.2/../../../../arm-none-eabi/lib/armv7-m\libcr_c.a(printf.o)
 .ARM.attributes
                0x000004fb       0x33 c:/nxp/lpcxpresso_6.1.4_194/lpcxpresso/tools/bin/../lib/gcc/arm-none-eabi/4.6.2/../../../../arm-none-eabi/lib/armv7-m\libcr_c.a(puts.o)
 .ARM.attributes
                0x0000052e       0x33 c:/nxp/lpcxpresso_6.1.4_194/lpcxpresso/tools/bin/../lib/gcc/arm-none-eabi/4.6.2/../../../../arm-none-eabi/lib/armv7-m\libcr_c.a(setvbuf.o)
 .ARM.attributes
                0x00000561       0x33 c:/nxp/lpcxpresso_6.1.4_194/lpcxpresso/tools/bin/../lib/gcc/arm-none-eabi/4.6.2/../../../../arm-none-eabi/lib/armv7-m\libcr_c.a(stdio.o)
 .ARM.attributes
                0x00000594       0x33 c:/nxp/lpcxpresso_6.1.4_194/lpcxpresso/tools/bin/../lib/gcc/arm-none-eabi/4.6.2/../../../../arm-none-eabi/lib/armv7-m\libcr_c.a(strlen.o)
 .ARM.attributes
                0x000005c7       0x33 c:/nxp/lpcxpresso_6.1.4_194/lpcxpresso/tools/bin/../lib/gcc/arm-none-eabi/4.6.2/../../../../arm-none-eabi/lib/armv7-m\libcr_c.a(strncpy.o)
 .ARM.attributes
                0x000005fa       0x33 c:/nxp/lpcxpresso_6.1.4_194/lpcxpresso/tools/bin/../lib/gcc/arm-none-eabi/4.6.2/../../../../arm-none-eabi/lib/armv7-m\libcr_c.a(__fillbuf.o)
 .ARM.attributes
                0x0000062d       0x33 c:/nxp/lpcxpresso_6.1.4_194/lpcxpresso/tools/bin/../lib/gcc/arm-none-eabi/4.6.2/../../../../arm-none-eabi/lib/armv7-m\libcr_c.a(_deferredlazyseek.o)
 .ARM.attributes
                0x00000660       0x33 c:/nxp/lpcxpresso_6.1.4_194/lpcxpresso/tools/bin/../lib/gcc/arm-none-eabi/4.6.2/../../../../arm-none-eabi/lib/armv7-m\libcr_c.a(_fdopen.o)
 .ARM.attributes
                0x00000693       0x33 c:/nxp/lpcxpresso_6.1.4_194/lpcxpresso/tools/bin/../lib/gcc/arm-none-eabi/4.6.2/../../../../arm-none-eabi/lib/armv7-m\libcr_c.a(_fflush.o)
 .ARM.attributes
                0x000006c6       0x33 c:/nxp/lpcxpresso_6.1.4_194/lpcxpresso/tools/bin/../lib/gcc/arm-none-eabi/4.6.2/../../../../arm-none-eabi/lib/armv7-m\libcr_c.a(_frexpl.o)
 .ARM.attributes
                0x000006f9       0x33 c:/nxp/lpcxpresso_6.1.4_194/lpcxpresso/tools/bin/../lib/gcc/arm-none-eabi/4.6.2/../../../../arm-none-eabi/lib/armv7-m\libcr_c.a(_ldexpl.o)
 .ARM.attributes
                0x0000072c       0x33 c:/nxp/lpcxpresso_6.1.4_194/lpcxpresso/tools/bin/../lib/gcc/arm-none-eabi/4.6.2/../../../../arm-none-eabi/lib/armv7-m\libcr_c.a(_writebuf.o)
 .ARM.attributes
                0x0000075f       0x33 c:/nxp/lpcxpresso_6.1.4_194/lpcxpresso/tools/bin/../lib/gcc/arm-none-eabi/4.6.2/../../../../arm-none-eabi/lib/armv7-m\libcr_c.a(alloc.o)
 .ARM.attributes
                0x00000792       0x33 c:/nxp/lpcxpresso_6.1.4_194/lpcxpresso/tools/bin/../lib/gcc/arm-none-eabi/4.6.2/../../../../arm-none-eabi/lib/armv7-m\libcr_c.a(errno.o)
 .ARM.attributes
                0x000007c5       0x33 c:/nxp/lpcxpresso_6.1.4_194/lpcxpresso/tools/bin/../lib/gcc/arm-none-eabi/4.6.2/../../../../arm-none-eabi/lib/armv7-m\libcr_c.a(fclose.o)
 .ARM.attributes
                0x000007f8       0x33 c:/nxp/lpcxpresso_6.1.4_194/lpcxpresso/tools/bin/../lib/gcc/arm-none-eabi/4.6.2/../../../../arm-none-eabi/lib/armv7-m\libcr_c.a(fflush.o)
 .ARM.attributes
                0x0000082b       0x33 c:/nxp/lpcxpresso_6.1.4_194/lpcxpresso/tools/bin/../lib/gcc/arm-none-eabi/4.6.2/../../../../arm-none-eabi/lib/armv7-m\libcr_c.a(fseek.o)
 .ARM.attributes
                0x0000085e       0x33 c:/nxp/lpcxpresso_6.1.4_194/lpcxpresso/tools/bin/../lib/gcc/arm-none-eabi/4.6.2/../../../../arm-none-eabi/lib/armv7-m\libcr_c.a(ftell.o)
 .ARM.attributes
                0x00000891       0x33 c:/nxp/lpcxpresso_6.1.4_194/lpcxpresso/tools/bin/../lib/gcc/arm-none-eabi/4.6.2/../../../../arm-none-eabi/lib/armv7-m\libcr_c.a(remove.o)
 .ARM.attributes
                0x000008c4       0x33 c:/nxp/lpcxpresso_6.1.4_194/lpcxpresso/tools/bin/../lib/gcc/arm-none-eabi/4.6.2/../../../../arm-none-eabi/lib/armv7-m\libcr_c.a(__init_alloc.o)
 .ARM.attributes
                0x000008f7       0x33 c:/nxp/lpcxpresso_6.1.4_194/lpcxpresso/tools/bin/../lib/gcc/arm-none-eabi/4.6.2/../../../../arm-none-eabi/lib/armv7-m\libcr_c.a(_do_fflush.o)
 .ARM.attributes
                0x0000092a       0x33 c:/nxp/lpcxpresso_6.1.4_194/lpcxpresso/tools/bin/../lib/gcc/arm-none-eabi/4.6.2/../../../../arm-none-eabi/lib/armv7-m\libcr_c.a(_hugeval.o)
 .ARM.attributes
                0x0000095d       0x21 c:/nxp/lpcxpresso_6.1.4_194/lpcxpresso/tools/bin/../lib/gcc/arm-none-eabi/4.6.2/armv7-m\libcr_eabihelpers.a(division.o)
 .ARM.attributes
                0x0000097e       0x33 c:/nxp/lpcxpresso_6.1.4_194/lpcxpresso/tools/bin/../lib/gcc/arm-none-eabi/4.6.2/armv7-m\libcr_eabihelpers.a(double.o)
 .ARM.attributes
                0x000009b1       0x21 c:/nxp/lpcxpresso_6.1.4_194/lpcxpresso/tools/bin/../lib/gcc/arm-none-eabi/4.6.2/armv7-m\libcr_eabihelpers.a(memcpy.o)
 .ARM.attributes
                0x000009d2       0x21 c:/nxp/lpcxpresso_6.1.4_194/lpcxpresso/tools/bin/../lib/gcc/arm-none-eabi/4.6.2/../../../../arm-none-eabi/lib/armv7-m\libcr_semihost.a(__sys_appexit.o)
 .ARM.attributes
                0x000009f3       0x21 c:/nxp/lpcxpresso_6.1.4_194/lpcxpresso/tools/bin/../lib/gcc/arm-none-eabi/4.6.2/../../../../arm-none-eabi/lib/armv7-m\libcr_semihost.a(__sys_close.o)
 .ARM.attributes
                0x00000a14       0x21 c:/nxp/lpcxpresso_6.1.4_194/lpcxpresso/tools/bin/../lib/gcc/arm-none-eabi/4.6.2/../../../../arm-none-eabi/lib/armv7-m\libcr_semihost.a(__sys_flen.o)
 .ARM.attributes
                0x00000a35       0x21 c:/nxp/lpcxpresso_6.1.4_194/lpcxpresso/tools/bin/../lib/gcc/arm-none-eabi/4.6.2/../../../../arm-none-eabi/lib/armv7-m\libcr_semihost.a(__sys_istty.o)
 .ARM.attributes
                0x00000a56       0x21 c:/nxp/lpcxpresso_6.1.4_194/lpcxpresso/tools/bin/../lib/gcc/arm-none-eabi/4.6.2/../../../../arm-none-eabi/lib/armv7-m\libcr_semihost.a(__sys_read.o)
 .ARM.attributes
                0x00000a77       0x21 c:/nxp/lpcxpresso_6.1.4_194/lpcxpresso/tools/bin/../lib/gcc/arm-none-eabi/4.6.2/../../../../arm-none-eabi/lib/armv7-m\libcr_semihost.a(__sys_readc.o)
 .ARM.attributes
                0x00000a98       0x21 c:/nxp/lpcxpresso_6.1.4_194/lpcxpresso/tools/bin/../lib/gcc/arm-none-eabi/4.6.2/../../../../arm-none-eabi/lib/armv7-m\libcr_semihost.a(__sys_remove.o)
 .ARM.attributes
                0x00000ab9       0x21 c:/nxp/lpcxpresso_6.1.4_194/lpcxpresso/tools/bin/../lib/gcc/arm-none-eabi/4.6.2/../../../../arm-none-eabi/lib/armv7-m\libcr_semihost.a(__sys_rename.o)
 .ARM.attributes
                0x00000ada       0x21 c:/nxp/lpcxpresso_6.1.4_194/lpcxpresso/tools/bin/../lib/gcc/arm-none-eabi/4.6.2/../../../../arm-none-eabi/lib/armv7-m\libcr_semihost.a(__sys_seek.o)
 .ARM.attributes
                0x00000afb       0x21 c:/nxp/lpcxpresso_6.1.4_194/lpcxpresso/tools/bin/../lib/gcc/arm-none-eabi/4.6.2/../../../../arm-none-eabi/lib/armv7-m\libcr_semihost.a(__sys_tmpnam.o)
 .ARM.attributes
                0x00000b1c       0x21 c:/nxp/lpcxpresso_6.1.4_194/lpcxpresso/tools/bin/../lib/gcc/arm-none-eabi/4.6.2/../../../../arm-none-eabi/lib/armv7-m\libcr_semihost.a(__sys_write.o)
 .ARM.attributes
                0x00000b3d       0x33 c:/nxp/lpcxpresso_6.1.4_194/lpcxpresso/tools/bin/../lib/gcc/arm-none-eabi/4.6.2/../../../../arm-none-eabi/lib/armv7-m\libcr_semihost.a(_cr_sbrk.o)
 .ARM.attributes
                0x00000b70       0x33 c:/nxp/lpcxpresso_6.1.4_194/lpcxpresso/tools/bin/../lib/gcc/arm-none-eabi/4.6.2/../../../../arm-none-eabi/lib/armv7-m\libcr_semihost.a(_cr_check_heap.o)

.debug_frame    0x00000000     0x1724
 .debug_frame   0x00000000       0xbc ./Sensor.o
 .debug_frame   0x000000bc      0x120 ./cr_startup_lpc17.o
 .debug_frame   0x000001dc      0x114 ./main.o
 .debug_frame   0x000002f0       0x48 C:\Users\Saturnino\Documents\LPCXpresso_6.1.4_194\workspace\CMSISv1p30_LPC17xx\Debug\libCMSISv1p30_LPC17xx.a(system_LPC17xx.o)
 .debug_frame   0x00000338       0xc0 C:\Users\Saturnino\Documents\LPCXpresso_6.1.4_194\workspace\FreeRTOS_Library\Debug\libFreeRTOS_Library.a(port.o)
 .debug_frame   0x000003f8      0x19c C:\Users\Saturnino\Documents\LPCXpresso_6.1.4_194\workspace\FreeRTOS_Library\Debug\libFreeRTOS_Library.a(queue.o)
 .debug_frame   0x00000594      0x2cc C:\Users\Saturnino\Documents\LPCXpresso_6.1.4_194\workspace\FreeRTOS_Library\Debug\libFreeRTOS_Library.a(tasks.o)
 .debug_frame   0x00000860       0x68 C:\Users\Saturnino\Documents\LPCXpresso_6.1.4_194\workspace\FreeRTOS_Library\Debug\libFreeRTOS_Library.a(heap_2.o)
 .debug_frame   0x000008c8       0x68 C:\Users\Saturnino\Documents\LPCXpresso_6.1.4_194\workspace\FreeRTOS_Library\Debug\libFreeRTOS_Library.a(list.o)
 .debug_frame   0x00000930      0x208 C:\Users\Saturnino\Documents\LPCXpresso_6.1.4_194\workspace\Lib_EaBaseBoard\Debug\libLib_EaBaseBoard.a(light.o)
 .debug_frame   0x00000b38      0x1ec C:\Users\Saturnino\Documents\LPCXpresso_6.1.4_194\workspace\Lib_EaBaseBoard\Debug\libLib_EaBaseBoard.a(oled.o)
 .debug_frame   0x00000d24      0x2c4 C:\Users\Saturnino\Documents\LPCXpresso_6.1.4_194\workspace\Lib_MCU\Debug\libLib_MCU.a(lpc17xx_gpio.o)
 .debug_frame   0x00000fe8      0x2c8 C:\Users\Saturnino\Documents\LPCXpresso_6.1.4_194\workspace\Lib_MCU\Debug\libLib_MCU.a(lpc17xx_i2c.o)
 .debug_frame   0x000012b0       0x2c C:\Users\Saturnino\Documents\LPCXpresso_6.1.4_194\workspace\Lib_MCU\Debug\libLib_MCU.a(lpc17xx_libcfg_default.o)
 .debug_frame   0x000012dc       0xbc C:\Users\Saturnino\Documents\LPCXpresso_6.1.4_194\workspace\Lib_MCU\Debug\libLib_MCU.a(lpc17xx_pinsel.o)
 .debug_frame   0x00001398      0x280 C:\Users\Saturnino\Documents\LPCXpresso_6.1.4_194\workspace\Lib_MCU\Debug\libLib_MCU.a(lpc17xx_ssp.o)
 .debug_frame   0x00001618      0x10c C:\Users\Saturnino\Documents\LPCXpresso_6.1.4_194\workspace\Lib_MCU\Debug\libLib_MCU.a(lpc17xx_clkpwr.o)
